
Gurobi 12.0.1 (win64) logging started Sat Mar 22 03:34:57 2025

Set parameter LogFile to value "better_lb_instance-jess-min_10000.log"
Gurobi Optimizer version 12.0.1 build v12.0.1rc0 (win64 - Windows 11.0 (26100.2))

CPU model: 11th Gen Intel(R) Core(TM) i7-11700 @ 2.50GHz, instruction set [SSE2|AVX|AVX2|AVX512]
Thread count: 8 physical cores, 16 logical processors, using up to 16 threads

Non-default parameters:
TimeLimit  1800
LogToConsole  0
LazyConstraints  1

Optimize a model with 24348 rows, 15396 columns and 70822 nonzeros
Model fingerprint: 0x80ae9ad1
Variable types: 1 continuous, 15395 integer (9237 binary)
Coefficient statistics:
  Matrix range     [5e-01, 3e+02]
  Objective range  [9e-01, 4e+02]
  Bounds range     [1e+00, 2e+03]
  RHS range        [1e+00, 1e+04]
Presolve removed 3742 rows and 1867 columns
Presolve time: 0.10s
Presolved: 20606 rows, 13529 columns, 53193 nonzeros
Variable types: 1 continuous, 13528 integer (7990 binary)

Root relaxation: objective 1.758668e+05, 2836 iterations, 0.04 seconds (0.08 work units)

    Nodes    |    Current Node    |     Objective Bounds      |     Work
 Expl Unexpl |  Obj  Depth IntInf | Incumbent    BestBd   Gap | It/Node Time

     0     0 175866.830    0 1576          - 175866.830      -     -    0s
     0     0 155129.070    0 1266          - 155129.070      -     -   13s
     0     0 149002.439    0 1214          - 149002.439      -     -   27s
     0     0 143768.705    0 1135          - 143768.705      -     -   41s
     0     0 143750.156    0 1088          - 143750.156      -     -   54s
     0     0 141760.926    0 1225          - 141760.926      -     -   68s
     0     0 141745.494    0 1211          - 141745.494      -     -   81s
     0     0 141390.771    0 1116          - 141390.771      -     -   94s
     0     0 140813.899    0 1047          - 140813.899      -     -  108s
     0     0 140808.556    0 1023          - 140808.556      -     -  121s
     0     0 140525.880    0 1003          - 140525.880      -     -  134s
     0     0 140521.854    0 1000          - 140521.854      -     -  148s
     0     0 140396.264    0 1096          - 140396.264      -     -  161s
     0     0 140391.738    0 1094          - 140391.738      -     -  174s
     0     0 140194.816    0 1094          - 140194.816      -     -  188s
     0     0 140171.125    0  976          - 140171.125      -     -  201s
     0     0 140034.738    0 1065          - 140034.738      -     -  215s
     0     0 140026.480    0 1064          - 140026.480      -     -  228s
     0     0 139872.360    0 1062          - 139872.360      -     -  241s
     0     0 139863.683    0 1184          - 139863.683      -     -  254s
     0     0 139713.076    0 1065          - 139713.076      -     -  268s
     0     0 139710.454    0 1062          - 139710.454      -     -  281s
     0     0 139600.355    0 1113          - 139600.355      -     -  295s
     0     0 139583.790    0 1055          - 139583.790      -     -  308s
     0     0 139583.646    0 1055          - 139583.646      -     -  321s
     0     0 139144.941    0 1054          - 139144.941      -     -  335s
     0     0 139138.060    0 1052          - 139138.060      -     -  348s
     0     0 139033.983    0 1210          - 139033.983      -     -  362s
     0     0 138999.327    0 1157          - 138999.327      -     -  375s
     0     0 138922.068    0 1312          - 138922.068      -     -  389s
     0     0 138921.813    0 1311          - 138921.813      -     -  402s
     0     0 138908.900    0 1310          - 138908.900      -     -  415s
     0     2 133805.182    0 1484          - 133805.182      -     -  429s
     1     4 133663.716    1 1479          - 133663.716      -   111  443s
     2     4 127420.587    1 1648          - 133641.021      -   226  456s
     3     8 133641.021    2 1474          - 133641.021      -   151  470s
     6     8 127152.642    2 1572          - 133600.763      -  91.2  510s
     7    16 133428.609    3 1481          - 133504.308      -  87.7  524s
    10    16 127060.289    3 1553          - 133504.308      -  74.6  564s
    15    24 133301.477    4 1478          - 133427.117      -  58.9  591s
    16    24 127184.127    4 1364          - 133427.117      -  64.1  604s
    23    42 133214.523    5 1626          - 133427.117      -  54.8  645s
    26    42 126769.837    7 1309          - 133427.117      -  51.2  672s
    41    57 133160.516    6 1589          - 133427.117      -  41.7  766s
    45    57 131515.991    7 1447          - 133427.117      -  40.8  793s
    50    57 132214.834    7 1689          - 133427.117      -  43.8  833s
    73    88 132825.456    8 1568          - 133427.117      -  41.5  860s
    80    88 126319.709    9 1409          - 133427.117      -  40.3  873s
    90   100 125873.534   10 1418          - 133427.117      -  41.1  887s
   102   114 132483.560   10 1499          - 133427.117      -  39.5  900s
   117   132 132295.794   12 1568          - 133427.117      -  74.7  914s
   135   150 132047.932   14 1559          - 133427.117      -  67.8  941s
   153   166 131635.393   17 1482          - 133427.117      -  62.1  969s
   160   166 125834.081   16 1368          - 133427.117      -  60.3  983s
   177   183 125734.375   17 1359          - 133427.117      -  55.6  997s
   187   195 131318.918   21 1305          - 133427.117      -  54.2 1011s
   203   195 125227.581   19 1356          - 133427.117      -  51.5 1039s
   219   230 131112.110   23 1325          - 133427.117      -  50.6 1053s
   221   230 125017.134   23 1257          - 133427.117      -  50.1 1066s
   240   242 128588.871   24 1303          - 133427.117      -  49.3 1094s
   252   258 130867.748   25 1256          - 133427.117      -  51.8 1107s
   268   276 130797.056   26 1251          - 133427.117      -  52.3 1121s
   280   276 128008.745   24 1225          - 133427.117      -  51.4 1147s
   308   317 130469.248   29 1277          - 133427.117      -  48.2 1175s
   310   317 124388.710   29 1181          - 133427.117      -  48.0 1188s
   320   317 128863.443   27 1242          - 133427.117      -  47.6 1202s
   330   336 124216.863   32 1138          - 133427.117      -  47.3 1215s
   346   356 130365.596   32 1227          - 133427.117      -  47.0 1229s
   366   379 130235.157   34 1264          - 133427.117      -  46.2 1256s
   389   410 129825.165   34 1227          - 133427.117      -  44.7 1283s
   420   445 129783.287   36 1256          - 133427.117      -  42.5 1337s
   455   481 129432.080   38 1249          - 133427.117      -  39.8 1378s
   491   515 128926.682   41 1287          - 133427.117      -  37.3 1431s
   525   555 128497.450   44 1275          - 133427.117      -  35.4 1472s
   565   594 128138.094   47 1190          - 133427.117      -  33.4 1527s
   570   594 121512.933   51 1139          - 133427.117      -  33.1 1541s
   604   625 127707.083   50 1278          - 133427.117      -  31.8 1581s
   628   625 120862.630   53 1164          - 133427.117      -  31.5 1608s
   635   652 127303.137   52 1259          - 133427.117      -  31.5 1621s
   664   688 126988.217   56 1146          - 133427.117      -  31.2 1662s
   680   688 120232.319   56  745          - 133427.117      -  30.7 1689s
   702   731 126847.864   59 1164          - 133427.117      -  30.4 1716s
   745   765 126182.039   61 1136          - 133427.117      -  29.8 1771s

Cutting planes:
  Learned: 9
  Gomory: 95
  Cover: 131
  Implied bound: 472
  MIR: 266
  Flow cover: 218
  Zero half: 1055
  Network: 2
  Lazy constraints: 96

Explored 781 nodes (29618 simplex iterations) in 1825.24 seconds (6.46 work units)
Thread count was 16 (of 16 available processors)

Solution count 0

Time limit reached
Best objective -, best bound 1.334271172785e+05, gap -

User-callback calls 2507, time in user-callback 1819.25 sec
