
Gurobi 12.0.1 (win64) logging started Sat Mar 22 09:15:24 2025

Set parameter LogFile to value "better_lb_instance-jess_15000.log"
Gurobi Optimizer version 12.0.1 build v12.0.1rc0 (win64 - Windows 11.0 (26100.2))

CPU model: 11th Gen Intel(R) Core(TM) i7-11700 @ 2.50GHz, instruction set [SSE2|AVX|AVX2|AVX512]
Thread count: 8 physical cores, 16 logical processors, using up to 16 threads

Non-default parameters:
TimeLimit  1800
LogToConsole  0
LazyConstraints  1

Optimize a model with 613142 rows, 388111 columns and 1785311 nonzeros
Model fingerprint: 0x38879466
Variable types: 1 continuous, 388110 integer (232866 binary)
Coefficient statistics:
  Matrix range     [7e-02, 1e+03]
  Objective range  [1e+00, 4e+02]
  Bounds range     [1e+00, 2e+03]
  RHS range        [1e+00, 2e+04]
Presolve removed 84338 rows and 42205 columns (presolve time = 5s)...
Presolve removed 84353 rows and 42215 columns
Presolve time: 5.47s
Presolved: 528789 rows, 345896 columns, 1403240 nonzeros
Variable types: 1 continuous, 345895 integer (204768 binary)
Root relaxation presolved: 528778 rows, 345884 columns, 1403292 nonzeros

Deterministic concurrent LP optimizer: primal simplex, dual simplex, and barrier
Showing barrier log only...

Root barrier log...

Ordering time: 0.43s

Barrier statistics:
 AA' NZ     : 1.747e+06
 Factor NZ  : 4.148e+06 (roughly 400 MB of memory)
 Factor Ops : 4.010e+07 (less than 1 second per iteration)
 Threads    : 6

                  Objective                Residual
Iter       Primal          Dual         Primal    Dual     Compl     Time
   0  -8.56131633e+06  1.92492183e+10  1.56e+06 2.03e+01  1.28e+06    10s
   1  -4.77247743e+05  1.91237290e+10  9.22e+04 9.46e-11  8.97e+04    10s
   2  -2.15984902e+05  1.05832976e+10  4.07e+04 9.28e-11  3.83e+04    11s
   3  -6.29631639e+04  5.33581600e+09  7.66e+03 1.46e-10  9.41e+03    11s
   4  -2.58038895e+04  9.04131658e+08  1.76e+03 2.66e-10  1.93e+03    11s
   5  -6.00117037e+03  3.17902760e+08  4.93e+01 2.75e-10  3.04e+02    12s
   6  -5.13334494e+03  1.23082044e+08  1.94e+01 3.60e-10  1.13e+02    12s
   7  -4.30965819e+03  3.95478567e+07  6.24e-01 3.08e-10  3.41e+01    12s
   8  -4.10907126e+03  2.23956996e+07  5.43e-02 2.77e-10  1.92e+01    13s
   9  -3.87889628e+03  1.39080695e+06  1.24e-11 2.71e-10  1.20e+00    13s
  10  -3.05939123e+03  8.29200004e+05  5.60e-12 2.72e-10  7.14e-01    13s
  11  -2.77920857e+03  7.32525826e+05  1.59e-12 3.17e-10  6.31e-01    14s
  12  -1.71466350e+03  6.97992837e+05  3.84e-12 3.50e-10  6.01e-01    14s
  13  -1.18982264e+03  6.25949346e+05  3.92e-12 3.77e-10  5.38e-01    14s
  14   3.79855595e+02  4.62238803e+05  1.41e-11 3.38e-10  3.96e-01    15s
  15   7.94928551e+02  3.90567914e+05  9.69e-12 3.50e-10  3.35e-01    15s
  16   1.32548056e+03  3.24938448e+05  1.44e-11 3.71e-10  2.78e-01    16s
  17   1.75034880e+03  2.58477061e+05  1.68e-11 3.69e-10  2.20e-01    16s
  18   2.38313135e+03  2.28264306e+05  1.69e-11 3.43e-10  1.94e-01    17s
  19   3.14741289e+03  1.83787494e+05  1.68e-11 2.79e-10  1.55e-01    17s
  20   4.87862451e+03  1.51663042e+05  1.23e-11 3.07e-10  1.26e-01    17s
  21   5.21623100e+03  1.44679888e+05  1.05e-11 3.26e-10  1.20e-01    17s
  22   5.57694779e+03  1.39110115e+05  4.63e-12 3.71e-10  1.15e-01    18s
  23   5.75933066e+03  1.37484825e+05  8.04e-12 4.44e-10  1.13e-01    18s
  24   6.20445231e+03  1.30815760e+05  8.58e-12 4.32e-10  1.07e-01    18s
  25   6.88701054e+03  1.20985091e+05  8.98e-12 4.68e-10  9.79e-02    19s
  26   6.97164762e+03  1.18098531e+05  9.18e-12 5.16e-10  9.54e-02    19s
  27   7.23260426e+03  1.15181521e+05  1.45e-11 5.10e-10  9.27e-02    19s

Barrier performed 27 iterations in 18.98 seconds (14.85 work units)
Barrier solve interrupted - model solved by another algorithm

Concurrent spin time: 2.16s (can be avoided by choosing Method=3)

Solved with dual simplex

Root simplex log...

Iteration    Objective       Primal Inf.    Dual Inf.      Time
   20315    3.9106544e+04   0.000000e+00   0.000000e+00     19s

Root relaxation: objective 3.910654e+04, 20315 iterations, 11.38 seconds (6.53 work units)

    Nodes    |    Current Node    |     Objective Bounds      |     Work
 Expl Unexpl |  Obj  Depth IntInf | Incumbent    BestBd   Gap | It/Node Time

     0     0 39106.5444    0 2768          - 39106.5444      -     -   22s
     0     0 39106.5444    0 2768          - 39106.5444      -     - 11278s

Cutting planes:
  Gomory: 72
  MIR: 6
  StrongCG: 1
  Flow cover: 6
  Zero half: 520
  Network: 3
  Lazy constraints: 81

Explored 1 nodes (20350 simplex iterations) in 11278.25 seconds (26.65 work units)
Thread count was 16 (of 16 available processors)

Solution count 0

Time limit reached
Best objective -, best bound 3.910654439850e+04, gap -

User-callback calls 3212, time in user-callback 11249.24 sec
