
Gurobi 12.0.1 (win64) logging started Sat Mar 22 03:03:51 2025

Set parameter LogFile to value "better_lb_instance-jess-min_5000.log"
Gurobi Optimizer version 12.0.1 build v12.0.1rc0 (win64 - Windows 11.0 (26100.2))

CPU model: 11th Gen Intel(R) Core(TM) i7-11700 @ 2.50GHz, instruction set [SSE2|AVX|AVX2|AVX512]
Thread count: 8 physical cores, 16 logical processors, using up to 16 threads

Non-default parameters:
TimeLimit  1800
LogToConsole  0
LazyConstraints  1

Optimize a model with 24348 rows, 15396 columns and 70822 nonzeros
Model fingerprint: 0x25eed44b
Variable types: 1 continuous, 15395 integer (9237 binary)
Coefficient statistics:
  Matrix range     [5e-01, 3e+02]
  Objective range  [9e-01, 4e+02]
  Bounds range     [1e+00, 2e+03]
  RHS range        [1e+00, 5e+03]
Presolve removed 3742 rows and 1867 columns
Presolve time: 0.11s
Presolved: 20606 rows, 13529 columns, 53193 nonzeros
Variable types: 1 continuous, 13528 integer (7990 binary)

Root relaxation: objective 1.249732e+05, 2563 iterations, 0.02 seconds (0.04 work units)

    Nodes    |    Current Node    |     Objective Bounds      |     Work
 Expl Unexpl |  Obj  Depth IntInf | Incumbent    BestBd   Gap | It/Node Time

     0     0 124973.231    0 1096          - 124973.231      -     -    0s
     0     0 102629.649    0  893          - 102629.649      -     -   14s
     0     0 95877.5627    0  780          - 95877.5627      -     -   27s
     0     0 91873.4425    0  759          - 91873.4425      -     -   41s
     0     0 91846.7427    0  742          - 91846.7427      -     -   55s
     0     0 90205.9372    0  677          - 90205.9372      -     -   68s
     0     0 90185.1802    0  677          - 90185.1802      -     -   82s
     0     0 89788.9530    0  696          - 89788.9530      -     -   96s
     0     0 89770.4833    0  687          - 89770.4833      -     -  109s
     0     0 89528.5414    0  718          - 89528.5414      -     -  123s
     0     0 89499.3225    0  717          - 89499.3225      -     -  137s
     0     0 89354.0525    0  640          - 89354.0525      -     -  150s
     0     0 89352.6229    0  638          - 89352.6229      -     -  164s
     0     0 89150.7143    0  720          - 89150.7143      -     -  178s
     0     0 89147.0977    0  633          - 89147.0977      -     -  192s
     0     0 88889.9363    0  686          - 88889.9363      -     -  205s
     0     0 88729.2169    0  629          - 88729.2169      -     -  219s
     0     0 88711.3714    0  628          - 88711.3714      -     -  233s
     0     0 88482.2734    0  677          - 88482.2734      -     -  247s
     0     0 88428.7574    0  635          - 88428.7574      -     -  260s
     0     0 88423.8806    0  609          - 88423.8806      -     -  274s
     0     0 88244.6380    0  650          - 88244.6380      -     -  288s
     0     0 88227.5934    0  680          - 88227.5934      -     -  301s
     0     0 88113.6850    0  666          - 88113.6850      -     -  315s
     0     0 88112.7374    0  666          - 88112.7374      -     -  329s
     0     0 87977.3191    0  704          - 87977.3191      -     -  342s
     0     0 87965.0480    0  703          - 87965.0480      -     -  356s
     0     0 87932.2024    0  656          - 87932.2024      -     -  370s
     0     0 87928.7537    0  654          - 87928.7537      -     -  384s
     0     0 87578.0244    0  712          - 87578.0244      -     -  398s
     0     0 87575.4554    0  710          - 87575.4554      -     -  411s
     0     0 87496.7173    0  524          - 87496.7173      -     -  425s
     0     0 87492.7309    0  588          - 87492.7309      -     -  438s
     0     0 87403.1328    0  704          - 87403.1328      -     -  452s
     0     0 87382.4958    0  694          - 87382.4958      -     -  466s
     0     0 87382.4958    0  693          - 87382.4958      -     -  480s
     0     0 87350.1569    0  681          - 87350.1569      -     -  494s
     0     0 87331.3187    0  681          - 87331.3187      -     -  507s
     0     2 87282.8662    0  681          - 87282.8662      -     -  534s
     1     4 87282.8662    1  661          - 87282.8662      -   136  548s
     3     8 86766.3579    2  535          - 87223.1663      -  75.0  574s
     7    16 86570.6183    3  531          - 86670.5797      -  41.9  627s
    15    24 86398.7682    4  525          - 86498.8801      -  22.9  693s
    23    45 86275.5249    5  551          - 86498.8801      -  23.4  747s
    44    59 86094.4030    6  547          - 86498.8801      -  14.1  893s
    46    59 85463.3130    8  532          - 86498.8801      -  13.8  907s
    64    75 85971.1792    7  543          - 86498.8801      -  12.5  947s
    70    75 85012.5203   10  527          - 86498.8801      -  11.9  960s
    82    86 85659.9802    9  535          - 86498.8801      -  13.4  974s
    99   101 85292.1966   11  549          - 86498.8801      -  19.4  987s
   110   101 84228.6130   14  538          - 86498.8801      -  19.3 1014s
   127   130 84825.1910   14  552          - 86498.8801      -  19.5 1028s
   143   146 84708.5990   16  557          - 86498.8801      -  30.5 1055s
   154   146 54048.8614   17  225          - 86498.8801      -  45.7 1068s
   162   167 83440.1753   19  429          - 86498.8801      -  43.9 1082s
   170   167 84108.6202   19  458          - 86498.8801      -  42.5 1095s
   180   184 83727.1603   21  433          - 86498.8801      -  40.9 1108s
   197   199 83436.3419   23  389          - 86498.8801      -  39.0 1121s
   212   215 82917.4025   24  377          - 86498.8801      -  37.4 1148s
   228   234 82897.4201   25  382          - 86498.8801      -  36.0 1161s
   230   234 82032.0667   25  329          - 86498.8801      -  35.7 1175s
   247   239 infeasible   26               - 86498.8801      -  34.1 1188s
   256   247 76364.8281   27  827          - 86498.8801      -  44.4 1202s
   264   260 76236.6619   28  854          - 86498.8801      -  52.6 1215s
   277   280 76019.7526   29  710          - 86498.8801      -  56.0 1229s
   298   310 75876.6554   32  700          - 86498.8801      -  52.8 1256s
   328   340 75648.9241   36  688          - 86498.8801      -  48.4 1297s
   358   373 75573.5542   38  683          - 86498.8801      -  44.5 1337s
   396   397 75255.6402   43  658          - 86498.8801      -  40.6 1391s
   425   425 75034.1057   47  669          - 86498.8801      -  38.3 1431s
   454   452 74949.3551   49  659          - 86498.8801      -  36.5 1472s
   480   452 74331.6556   51  796          - 86498.8801      -  34.9 1512s
   516   515 74612.7556   53  691          - 86498.8801      -  33.1 1553s
   549   538 74046.1605   59  597          - 86498.8801      -  31.6 1593s
   584   570 74064.9081   62  545          - 86498.8801      -  30.1 1647s
   618   602 73943.9218   66  550          - 86498.8801      -  28.8 1688s
   652   635 73888.5749   69  529          - 86498.8801      -  27.8 1741s
   687   664 73688.9777   71  518          - 86498.8801      -  27.0 1768s
   717   700 72848.7944   74  496          - 86498.8801      -  26.6 1809s

Cutting planes:
  Learned: 7
  Gomory: 107
  Cover: 82
  Implied bound: 533
  MIR: 157
  Flow cover: 164
  Zero half: 697
  Network: 12
  Relax-and-lift: 19
  Lazy constraints: 168

Explored 753 nodes (25117 simplex iterations) in 1862.81 seconds (6.44 work units)
Thread count was 16 (of 16 available processors)

Solution count 0

Time limit reached
Best objective -, best bound 8.649888012179e+04, gap -

User-callback calls 2522, time in user-callback 1856.96 sec
