
Gurobi 12.0.1 (win64) logging started Sat Mar 22 05:52:39 2025

Set parameter LogFile to value "better_lb_instance-jess_10000.log"
Gurobi Optimizer version 12.0.1 build v12.0.1rc0 (win64 - Windows 11.0 (26100.2))

CPU model: 11th Gen Intel(R) Core(TM) i7-11700 @ 2.50GHz, instruction set [SSE2|AVX|AVX2|AVX512]
Thread count: 8 physical cores, 16 logical processors, using up to 16 threads

Non-default parameters:
TimeLimit  1800
LogToConsole  0
LazyConstraints  1

Optimize a model with 529168 rows, 334971 columns and 1540867 nonzeros
Model fingerprint: 0x3379c3da
Variable types: 1 continuous, 334970 integer (200982 binary)
Coefficient statistics:
  Matrix range     [7e-02, 1e+03]
  Objective range  [1e+00, 4e+02]
  Bounds range     [1e+00, 2e+03]
  RHS range        [1e+00, 1e+04]
Presolve removed 69765 rows and 34915 columns
Presolve time: 4.59s
Presolved: 459403 rows, 300056 columns, 1218981 nonzeros
Variable types: 1 continuous, 300055 integer (177735 binary)
Root relaxation presolved: 459379 rows, 300048 columns, 1218983 nonzeros

Deterministic concurrent LP optimizer: primal simplex, dual simplex, and barrier
Showing barrier log only...

Root barrier log...

Ordering time: 0.29s

Barrier statistics:
 AA' NZ     : 1.520e+06
 Factor NZ  : 3.615e+06 (roughly 340 MB of memory)
 Factor Ops : 3.516e+07 (less than 1 second per iteration)
 Threads    : 6

                  Objective                Residual
Iter       Primal          Dual         Primal    Dual     Compl     Time
   0  -6.22212408e+06  1.68463650e+10  1.11e+06 2.03e+01  1.05e+06     8s
   1  -3.80421302e+05  1.64525082e+10  7.69e+04 3.27e-11  8.60e+04     9s
   2  -1.75673809e+05  8.89837548e+09  3.41e+04 2.13e-10  3.67e+04     9s
   3  -5.24614288e+04  3.73915467e+09  6.49e+03 2.33e-10  8.26e+03     9s
   4  -2.01662479e+04  6.88054339e+08  1.38e+03 3.85e-10  1.67e+03    10s
   5  -5.08270327e+03  2.16129150e+08  6.04e+01 3.70e-10  2.58e+02    10s
   6  -4.03090782e+03  1.35791009e+08  2.22e+01 4.03e-10  1.47e+02    10s
   7  -3.37999272e+03  3.98558865e+07  5.57e+00 2.42e-10  4.11e+01    10s
   8  -3.08381744e+03  1.73685010e+07  1.74e-01 1.46e-10  1.72e+01    10s
   9  -2.88378460e+03  5.72521042e+06  6.57e-03 1.30e-10  5.67e+00    11s
  10  -2.48393704e+03  7.88534256e+05  1.64e-11 1.41e-10  7.82e-01    11s
  11  -2.13519475e+03  5.61628047e+05  1.40e-11 1.57e-10  5.58e-01    12s
  12  -1.79811333e+03  4.16378024e+05  1.32e-11 1.43e-10  4.14e-01    12s
  13  -8.88106325e+02  3.78304435e+05  1.23e-11 1.83e-10  3.75e-01    12s
  14   2.02940975e+02  3.01032475e+05  6.85e-12 1.58e-10  2.98e-01    12s
  15   9.17932391e+02  2.50601422e+05  8.13e-12 1.65e-10  2.47e-01    12s
  16   1.30739478e+03  2.31415975e+05  9.27e-12 1.69e-10  2.28e-01    13s
  17   2.44836203e+03  2.07610878e+05  6.48e-12 2.12e-10  2.03e-01    13s
  18   2.66839305e+03  1.86563257e+05  6.34e-12 2.01e-10  1.82e-01    14s
  19   2.86375017e+03  1.78840584e+05  5.51e-12 2.11e-10  1.74e-01    14s
  20   3.38836172e+03  1.58889379e+05  3.07e-12 2.02e-10  1.54e-01    14s
  21   3.60019542e+03  1.40715328e+05  4.63e-12 1.60e-10  1.36e-01    15s
  22   4.67046464e+03  1.10205142e+05  5.68e-13 1.66e-10  1.04e-01    15s
  23   4.74315974e+03  1.08473304e+05  6.25e-13 1.89e-10  1.03e-01    15s
  24   5.03246317e+03  1.07306052e+05  8.53e-14 2.08e-10  1.01e-01    16s
  25   5.34969899e+03  1.04515827e+05  1.48e-12 2.29e-10  9.81e-02    16s
  26   5.72290745e+03  9.76077750e+04  7.39e-13 2.64e-10  9.09e-02    16s
  27   5.96020035e+03  9.29726074e+04  2.53e-12 2.62e-10  8.61e-02    17s
  28   6.35385071e+03  8.86978635e+04  3.13e-12 1.64e-10  8.15e-02    17s
  29   6.69464591e+03  7.48079159e+04  2.57e-11 1.64e-10  6.74e-02    17s
  30   6.85030715e+03  7.33775696e+04  2.48e-11 1.90e-10  6.58e-02    17s
  31   6.92799047e+03  7.19924528e+04  2.49e-11 2.41e-10  6.44e-02    18s
  32   7.11172253e+03  7.00866817e+04  2.17e-11 2.24e-10  6.23e-02    18s
  33   7.22791848e+03  6.90324054e+04  2.21e-11 2.35e-10  6.11e-02    18s
  34   7.29546748e+03  6.82082790e+04  2.20e-11 2.64e-10  6.03e-02    18s
  35   7.37393119e+03  6.72532519e+04  2.10e-11 2.68e-10  5.92e-02    18s
  36   7.48703003e+03  6.86156222e+04  2.32e-11 2.89e-10  6.05e-02    19s
  37   7.76732243e+03  6.53999472e+04  1.81e-11 2.91e-10  5.70e-02    19s
  38   7.95147807e+03  6.41777061e+04  1.56e-11 2.81e-10  5.56e-02    19s

Barrier performed 38 iterations in 18.95 seconds (14.70 work units)
Barrier solve interrupted - model solved by another algorithm

Concurrent spin time: 2.11s (can be avoided by choosing Method=3)

Solved with dual simplex

Root simplex log...

Iteration    Objective       Primal Inf.    Dual Inf.      Time
   19189    3.3080945e+04   0.000000e+00   0.000000e+00     19s

Root relaxation: objective 3.308094e+04, 19189 iterations, 12.63 seconds (7.46 work units)

    Nodes    |    Current Node    |     Objective Bounds      |     Work
 Expl Unexpl |  Obj  Depth IntInf | Incumbent    BestBd   Gap | It/Node Time

     0     0 33080.9449    0 2320          - 33080.9449      -     -   22s
     0     0 33080.9449    0 2320          - 33080.9449      -     - 10331s

Cutting planes:
  Gomory: 76
  MIR: 6
  StrongCG: 1
  Flow cover: 6
  Zero half: 478
  Network: 3
  Lazy constraints: 59

Explored 1 nodes (19231 simplex iterations) in 10331.06 seconds (25.19 work units)
Thread count was 16 (of 16 available processors)

Solution count 0

Time limit reached
Best objective -, best bound 3.308094487678e+04, gap -

User-callback calls 2356, time in user-callback 10303.16 sec
