
Gurobi 12.0.1 (win64) logging started Sun Mar 23 11:05:26 2025

Set parameter LogFile to value "branching_instance-jin_5000.log"
Gurobi Optimizer version 12.0.1 build v12.0.1rc0 (win64 - Windows 11.0 (26100.2))

CPU model: 11th Gen Intel(R) Core(TM) i7-11700 @ 2.50GHz, instruction set [SSE2|AVX|AVX2|AVX512]
Thread count: 8 physical cores, 16 logical processors, using up to 16 threads

Non-default parameters:
TimeLimit  1800
LogToConsole  0
LazyConstraints  1

Optimize a model with 767161 rows, 489770 columns and 2252945 nonzeros
Model fingerprint: 0x134f7106
Variable types: 0 continuous, 489770 integer (293862 binary)
Coefficient statistics:
  Matrix range     [4e-02, 6e+02]
  Objective range  [1e+00, 7e+01]
  Bounds range     [1e+00, 1e+00]
  RHS range        [1e+00, 5e+03]
Presolve removed 9085 rows and 9073 columns (presolve time = 5s)...
Presolve removed 54546 rows and 27283 columns
Presolve time: 7.79s
Presolved: 712615 rows, 462487 columns, 2096726 nonzeros
Variable types: 0 continuous, 462487 integer (275688 binary)

Deterministic concurrent LP optimizer: primal simplex, dual simplex, and barrier
Showing barrier log only...

Root relaxation presolved: 712612 rows, 462482 columns, 1910748 nonzeros

Root barrier log...

Ordering time: 0.67s

Barrier statistics:
 AA' NZ     : 2.409e+06
 Factor NZ  : 5.778e+06 (roughly 500 MB of memory)
 Factor Ops : 6.234e+07 (less than 1 second per iteration)
 Threads    : 6

                  Objective                Residual
Iter       Primal          Dual         Primal    Dual     Compl     Time
   0  -8.88272344e+06  6.02273219e+07  2.37e+06 5.49e+00  2.46e+03    15s
   1  -9.36426102e+05  5.67664999e+07  2.23e+05 8.53e-14  2.60e+02    15s
   2  -3.01652238e+05  3.40983782e+07  5.67e+04 1.21e-13  7.33e+01    16s
   3  -1.12904310e+05  9.73115761e+06  1.29e+04 5.51e-13  1.62e+01    16s
   4  -2.95072002e+04  1.23981466e+06  2.04e+03 9.03e-13  2.52e+00    17s
   5  -4.53020219e+03  4.18456196e+05  3.52e+01 6.95e-13  2.99e-01    17s
   6  -3.63678023e+03  1.89531062e+05  1.12e+01 5.59e-13  1.29e-01    18s
   7  -2.92769835e+03  8.76392516e+04  2.79e+00 4.85e-13  5.88e-02    18s
   8  -2.43943687e+03  3.49723186e+04  8.23e-02 2.05e-13  2.39e-02    18s
   9  -1.92507968e+03  1.55377225e+04  2.42e-02 9.64e-14  1.12e-02    19s
  10  -1.24520662e+03  4.05296835e+03  3.31e-03 4.70e-14  3.39e-03    19s
  11  -6.68627208e+02  1.47529108e+03  3.79e-04 2.21e-14  1.37e-03    20s
  12  -4.47993049e+02  7.55358336e+02  1.47e-04 1.28e-14  7.69e-04    20s
  13  -3.24814571e+02  5.02440124e+02  7.58e-05 2.04e-14  5.29e-04    21s
  14  -2.25652068e+02  3.09897376e+02  3.51e-05 1.83e-14  3.42e-04    21s
  15  -1.64181896e+02  2.68199259e+02  1.71e-05 1.63e-14  2.76e-04    22s
  16  -1.48397821e+02  2.67199940e+02  1.42e-05 1.86e-14  2.66e-04    22s
  17  -1.25534881e+02 -3.85721285e+01  9.65e-06 1.79e-14  5.56e-05    23s
  18  -8.77939553e+01 -5.44453455e+01  1.55e-06 1.18e-14  2.13e-05    23s
  19  -6.46984327e+01 -5.69734397e+01  4.94e-08 2.08e-14  4.94e-06    24s
  20  -6.46606341e+01 -5.78246943e+01  4.88e-08 1.91e-14  4.37e-06    24s
  21  -6.40718039e+01 -5.65852615e+01  4.67e-08 1.84e-14  4.78e-06    25s
  22  -6.29458459e+01 -5.68654534e+01  2.76e-08 2.25e-14  3.88e-06    25s
  23  -6.18002891e+01 -5.94826564e+01  1.27e-08 1.82e-14  1.48e-06    25s
  24  -6.18004100e+01 -5.94830903e+01  1.27e-08 1.64e-14  1.48e-06    26s
  25  -6.13379127e+01 -5.94967034e+01  6.90e-09 1.61e-14  1.18e-06    27s
  26  -6.09576981e+01 -5.99539703e+01  4.98e-09 1.82e-14  6.41e-07    27s
  27  -6.03558067e+01 -6.01132028e+01  4.03e-09 2.33e-14  1.55e-07    28s
  28  -6.01434299e+01 -6.01311620e+01  3.82e-10 1.06e-14  7.84e-09    28s
  29  -6.01316899e+01 -6.01316777e+01  6.28e-11 1.27e-14  7.84e-12    29s
  30  -6.01316782e+01 -6.01316782e+01  1.47e-11 1.42e-14  1.20e-17    30s

Barrier solved model in 30 iterations and 29.53 seconds (19.39 work units)
Optimal objective -6.01316782e+01


Root crossover log...

  712581 DPushes remaining with DInf 0.0000000e+00                30s
  389944 DPushes remaining with DInf 0.0000000e+00                31s
   17664 DPushes remaining with DInf 0.0000000e+00                35s
       0 DPushes remaining with DInf 0.0000000e+00                40s

       0 PPushes remaining with PInf 0.0000000e+00                40s

  Push phase complete: Pinf 0.0000000e+00, Dinf 3.8725039e-12     40s


Root simplex log...

Iteration    Objective       Primal Inf.    Dual Inf.      Time
  626948   -6.0131678e+01   0.000000e+00   0.000000e+00     40s
  626948   -6.0131678e+01   0.000000e+00   0.000000e+00     41s
Concurrent spin time: 0.00s

Solved with barrier

Root relaxation: objective -6.013168e+01, 626948 iterations, 30.40 seconds (11.45 work units)

    Nodes    |    Current Node    |     Objective Bounds      |     Work
 Expl Unexpl |  Obj  Depth IntInf | Incumbent    BestBd   Gap | It/Node Time

     0     0  -60.13168    0    7          -  -60.13168      -     -   41s
     0     0  -61.90329    0    7          -  -61.90329      -     -   50s
     0     0  -62.00142    0    7          -  -62.00142      -     -   55s
     0     0  -62.36583    0   20          -  -62.36583      -     -   62s
     0     0  -62.52131    0    5          -  -62.52131      -     -   72s
     0     0  -62.90776    0   10          -  -62.90776      -     -   83s
     0     0  -62.92794    0   10          -  -62.92794      -     -   85s
     0     0  -63.13983    0   24          -  -63.13983      -     -   88s
     0     0  -63.23937    0    4          -  -63.23937      -     -   91s
     0     0  -63.29270    0   19          -  -63.29270      -     -   94s
     0     0  -63.31732    0    4          -  -63.31732      -     -   97s
     0     0  -63.35540    0   15          -  -63.35540      -     -  105s
     0     0  -63.36311    0   15          -  -63.36311      -     -  110s
     0     0  -63.39472    0   15          -  -63.39472      -     -  113s
     0     0  -63.44516    0   15          -  -63.44516      -     -  116s
     0     0  -63.50162    0   15          -  -63.50162      -     -  119s
     0     0  -63.53739    0   15          -  -63.53739      -     -  121s
     0     0  -63.63961    0   18          -  -63.63961      -     -  125s
     0     0  -63.68105    0    8          -  -63.68105      -     -  128s
     0     0  -63.74529    0   15          -  -63.74529      -     -  130s
     0     0  -63.80887    0   20          -  -63.80887      -     -  134s
     0     0  -63.84456    0   15          -  -63.84456      -     -  137s
     0     0  -63.90439    0   20          -  -63.90439      -     -  141s
     0     0  -63.94138    0    5          -  -63.94138      -     -  154s
     0     0  -63.94139    0    5          -  -63.94139      -     -  155s
     0     0  -64.03460    0   14          -  -64.03460      -     -  157s
     0     0  -64.16574    0   25          -  -64.16574      -     -  161s
     0     0  -64.21309    0    5          -  -64.21309      -     -  163s
     0     0  -64.25476    0   14          -  -64.25476      -     -  166s
     0     0  -64.26800    0    5          -  -64.26800      -     -  169s
     0     0  -64.30157    0   20          -  -64.30157      -     -  172s
     0     0  -64.32077    0    5          -  -64.32077      -     -  174s
     0     0  -64.32078    0    5          -  -64.32078      -     -  175s
     0     0  -64.42064    0   14          -  -64.42064      -     -  177s
     0     0  -64.44739    0    5          -  -64.44739      -     -  181s
     0     0  -64.49970    0   19          -  -64.49970      -     -  184s
     0     0  -64.51941    0    5          -  -64.51941      -     -  186s
     0     0  -64.53814    0   19          -  -64.53814      -     -  189s
     0     0  -64.54841    0    5          -  -64.54841      -     -  192s
     0     0  -64.59287    0   19          -  -64.59287      -     -  195s
     0     0  -64.61156    0    5          -  -64.61156      -     -  197s
     0     0  -64.64622    0   25          -  -64.64622      -     -  200s
     0     0  -64.66380    0    5          -  -64.66380      -     -  203s
     0     0  -64.69667    0   14          -  -64.69667      -     -  206s
     0     0  -64.70626    0    5          -  -64.70626      -     -  209s
     0     0  -64.73047    0   19          -  -64.73047      -     -  212s
     0     0  -64.74018    0    5          -  -64.74018      -     -  215s
     0     0  -64.77590    0   19          -  -64.77590      -     -  218s
     0     0  -64.78036    0   19          -  -64.78036      -     -  220s
     0     0  -64.82181    0   14          -  -64.82181      -     -  224s
     0     0  -64.83336    0   10          -  -64.83336      -     -  241s
     0     0  -64.86823    0   25          -  -64.86823      -     -  244s
     0     0  -64.88274    0    5          -  -64.88274      -     -  246s
     0     0  -64.93616    0   15          -  -64.93616      -     -  251s
     0     0  -64.94480    0   15          -  -64.94480      -     -  256s
     0     0  -65.00336    0   19          -  -65.00336      -     -  261s
     0     0  -65.02875    0   10          -  -65.02875      -     -  265s
     0     0  -65.10170    0   19          -  -65.10170      -     -  268s
     0     0  -65.13531    0    4          -  -65.13531      -     -  271s
     0     0  -65.18221    0   19          -  -65.18221      -     -  274s
     0     0  -65.20080    0    4          -  -65.20080      -     -  277s
     0     0  -65.25837    0   19          -  -65.25837      -     -  280s
     0     0  -65.28377    0    4          -  -65.28377      -     -  283s
     0     0  -65.31911    0   19          -  -65.31911      -     -  286s
     0     0  -65.33215    0    4          -  -65.33215      -     -  288s
     0     0  -65.34229    0   19          -  -65.34229      -     -  291s
     0     0  -65.35604    0    4          -  -65.35604      -     -  295s
     0     0  -65.40173    0   19          -  -65.40173      -     -  298s
     0     0  -65.42312    0   10          -  -65.42312      -     -  301s
     0     0  -65.49713    0   17          -  -65.49713      -     -  304s
     0     0  -65.52309    0    4          -  -65.52309      -     -  306s
     0     0  -65.54925    0   15          -  -65.54925      -     -  309s
     0     0  -65.55388    0   15          -  -65.55388      -     -  310s
     0     0  -65.58650    0   20          -  -65.58650      -     -  312s
     0     0  -65.63099    0   20          -  -65.63099      -     -  316s
     0     0  -65.70888    0   24          -  -65.70888      -     -  320s
     0     0  -65.73648    0    4          -  -65.73648      -     -  323s
     0     0  -65.78402    0   24          -  -65.78402      -     -  326s
     0     0  -65.80628    0    4          -  -65.80628      -     -  329s
     0     0  -65.80628    0    4          -  -65.80628      -     -  350s
     0     2  -65.80628    0    4          -  -65.80628      -     -  362s
     3     8  -65.83699    2   15          -  -65.83699      -  47.7  366s
    15    21  -65.84226    4    4          -  -65.84226      -  36.4  371s
    23    25  -65.86472    5   15          -  -65.84227      -  31.7  376s
    32    44  -65.86794    6    9          -  -65.86794      -  47.9  380s
    52    51  -73.70500    9   58          -  -65.87047      -  41.3  385s
    60    59  -70.25428    9   34          -  -65.87047      -  46.5  390s
    90    94  -72.74098   12   24          -  -65.87047      -  40.0  397s
   112    98  -73.24825   13   36          -  -65.87047      -  42.2  403s
   124   109  -79.06578   14   46          -  -65.87047      -  45.2  407s
   140   124  -73.72896   14   30          -  -65.87047      -  42.0  410s
   170   145  -80.98021   17   38          -  -65.87047      -  45.9  418s
   185   156  -74.49460   17   22          -  -65.87047      -  46.6  421s
   199   169  -74.99194   18   20          -  -65.87047      -  51.1  425s
   232   204  -75.35807   20   19          -  -65.87047      -  48.0  431s
   253   222  -76.35385   23   10          -  -65.87047      -  45.1  435s
   291   262  -76.24250   25   10          -  -65.87047      -  40.6  442s
   313   276  -76.24541   28   10          -  -65.87047      -  38.6  446s
   327   289  -76.24636   30   10          -  -65.87047      -  37.6  451s
   340   306  -76.24714   32   10          -  -65.87047      -  37.3  457s
   357   325  -76.24722   33   10          -  -65.87047      -  36.8  463s
   376   339  -76.24771   34    7          -  -65.87047      -  36.1  468s
   390   354  -76.50051   34   12          -  -65.87047      -  35.9  474s
   405   367  -76.24814   35   10          -  -65.87047      -  35.5  481s
   418   377  -76.24860   36   10          -  -65.87047      -  35.8  486s
   428   387  -76.25867   37   10          -  -65.87047      -  36.6  494s
   438   401  -76.25265   38   10          -  -65.87047      -  37.5  503s
   452   418  -76.25455   39   10          -  -65.87047      -  38.5  512s
   469   434  -76.25564   40   10          -  -65.87047      -  39.0  521s
   485   445  -76.27443   41   10          -  -65.87047      -  40.4  532s
   496   468  -76.25630   41   10          -  -65.87047      -  42.0  542s
   519   494  -76.25655   42   10          -  -65.87047      -  42.0  554s
   545   528  -76.25927   47   10          -  -65.87047      -  42.4  568s
   579   553  -76.28280   50   10          -  -65.87047      -  43.0  580s
   604   575  -76.25950   50   10          -  -65.87047      -  42.9  592s
   626   585  -76.28306   52   10          -  -65.87047      -  44.0  604s
   636   601  -76.25974   52   10          -  -65.87047      -  45.6  619s
   652   618  -76.26090   54   10          -  -65.87047      -  47.4  631s
   669   628  -76.28604   55   10          -  -65.87047      -  48.4  645s
   679   649  -76.26963   56   10          -  -65.87047      -  50.1  658s
   700   675  -76.29671   61    4          -  -65.87047      -  50.9  675s
   726   700  -76.29929   67    7          -  -65.87047      -  51.6  694s
   751   735  -76.30140   68    4          -  -65.87047      -  53.2  717s
   786   759  -76.32734   71    4          -  -65.87047      -  54.8  735s
   810   781  -76.30338   71    4          -  -65.87047      -  55.2  756s
   832   809  -76.30699   73    7          -  -65.87047      -  57.2  784s
   860   841  -76.31194   80    7          -  -65.87047      -  60.0  806s
   892   869 infeasible   86               -  -65.93002      -  60.6  832s
   927   918  -65.97468   16   14          -  -65.93002      -  61.5  852s
   983   955  -65.96815   21    5          -  -65.93002      -  61.4  868s
  1042   998  -67.78085   26   27          -  -65.94485      -  60.3  888s
  1120  1074  -68.27383   27   25          -  -65.94485      -  61.4  908s
  1205  1125 infeasible   35               -  -65.96820      -  59.7  929s
  1295  1218  -77.83960   19   52          -  -65.96820      -  58.1  948s
  1397  1305  -79.16849   21   58          -  -65.96820      -  55.8  974s
  1490  1380  -82.21435   25   63          -  -65.96820      -  55.2  996s
  1567  1444  -82.20871   32   32          -  -65.96820      -  54.3 1033s
  1654  1445  -69.14971    4    4          -  -65.96820      -  53.6 1084s
  1655  1446  -74.65537   44    4          -  -65.96820      -  53.5 1086s
  1656  1446  -70.94110    8   15          -  -65.96820      -  53.5 1215s
  1657  1447  -70.90749   48   18          -  -66.03752      -  53.5 1312s
  1658  1448  -75.36362   36   14          -  -66.07955      -  53.4 1319s
  1659  1448  -82.39532   76   20          -  -66.10146      -  53.4 1327s
  1660  1449  -83.03203   69   20          -  -66.10710      -  53.4 1339s
  1661  1450  -80.38503   40   25          -  -66.16928      -  53.3 1353s
  1662  1450  -86.01225   24   20          -  -66.23914      -  53.3 1361s
  1663  1451  -74.70290   57   14          -  -66.27374      -  53.3 1367s
  1664  1452  -70.30926   18   12          -  -66.33070      -  53.2 1374s
  1665  1452  -78.90644   50   20          -  -66.41562      -  53.2 1376s
  1666  1453  -78.67809   20   10          -  -66.44252      -  53.2 1388s
  1667  1454  -72.37877    4   25          -  -66.47381      -  53.1 1401s
  1668  1454  -76.25656   43   19          -  -66.50981      -  53.1 1409s
  1669  1455  -76.25656   43   14          -  -66.57747      -  53.1 1417s
  1670  1456  -87.18158   73   25          -  -66.60034      -  53.1 1425s
  1671  1456  -79.05183   18   22          -  -66.62053      -  53.0 1433s
  1673  1458 -113.07243  120    5          -  -66.64782      -  53.0 1445s
  1674  1458  -72.83028   23    5          -  -66.67745      -  52.9 1456s
  1675  1459  -82.26419   26    5          -  -66.70465      -  52.9 1461s
  1676  1460  -80.25885   21   34          -  -66.72020      -  52.9 1471s
  1677  1460  -75.11079   29   14          -  -66.76789      -  52.8 1479s
  1678  1461  -91.33637   89   30          -  -66.87402      -  52.8 1488s
  1679  1462  -74.66127   38   24          -  -66.92958      -  52.8 1495s
  1680  1462  -75.14909   65   19          -  -66.98906      -  52.7 1504s
  1681  1463  -69.13295   13   27          -  -67.01281      -  52.7 1511s
  1682  1464  -81.60864   52    4          -  -67.02235      -  52.7 1517s
  1683  1464  -87.92078   74   16          -  -67.07591      -  52.6 1524s
  1684  1465  -76.66243   38   24          -  -67.08809      -  52.6 1533s
  1685  1466  -80.38603   72   35          -  -67.14237      -  52.6 1539s
  1686  1466  -80.13848   46    8          -  -67.15789      -  52.5 1544s
  1687  1467  -80.39762   47    4          -  -67.15886      -  52.5 1549s
  1688  1468  -75.71159   11   17          -  -67.24454      -  52.5 1559s
  1689  1468  -80.22624   24   19          -  -67.31297      -  52.5 1561s
  1690  1469  -82.14226   67    4          -  -67.33247      -  52.4 1566s
  1691  1470  -81.60997   58   35          -  -67.37950      -  52.4 1575s
  1692  1470  -72.86642   44   19          -  -67.41772      -  52.4 1581s
  1693  1471  -72.79992   12    4          -  -67.42270      -  52.3 1585s
  1694  1472  -80.36203   27   24          -  -67.45029      -  52.3 1592s
  1695  1472  -72.86950   48   20          -  -67.48138      -  52.3 1599s
  1696  1473  -80.25885   21   40          -  -67.50919      -  52.2 1606s
  1698  1474  -76.58080   13    5          -  -67.51827      -  52.2 1611s
  1701  1478  -78.90727   65    4          -  -67.51827      -   534 1616s
  1703  1479  -82.14446   77   21          -  -67.51827      -   533 1701s
  1704  1480  -80.35941   32    9          -  -67.55966      -   533 1706s
  1705  1481  -72.82685   21   24          -  -67.59374      -   533 1713s
  1706  1481  -70.86826   27   20          -  -67.62787      -   532 1725s
  1707  1482  -80.70662   17   27          -  -67.65617      -   532 1732s
  1708  1483  -77.62127   29   21          -  -67.72340      -   532 1740s
  1709  1483  -82.22365   81   20          -  -67.76379      -   531 1749s
  1710  1484 -117.54253  137   24          -  -67.80122      -   531 1755s
  1712  1485  -78.90737   64   35          -  -67.84035      -   530 1764s
  1713  1486  -74.67965   73    4          -  -67.85385      -   530 1769s
  1714  1487 -103.24936  104    4          -  -67.85385      -   530 1783s
  1715  1487  -80.39421   45    4          -  -67.85385      -   530 1795s
  1718  1492  -67.88646   24   15          -  -67.88646      -   928 1800s

Cutting planes:
  Gomory: 58
  Implied bound: 128
  Clique: 79
  MIR: 4
  Flow cover: 7
  GUB cover: 11
  Zero half: 72
  Network: 13
  RLT: 29
  Relax-and-lift: 99
  Lazy constraints: 194

Explored 1720 nodes (2224816 simplex iterations) in 1800.60 seconds (1565.09 work units)
Thread count was 16 (of 16 available processors)

Solution count 0

Time limit reached
Best objective -, best bound -6.788645916992e+01, gap -

User-callback calls 36144, time in user-callback 18.55 sec
