
Gurobi 12.0.1 (win64) logging started Sat Mar 22 00:31:38 2025

Set parameter LogFile to value "branching_instance-jess_5000.log"
Gurobi Optimizer version 12.0.1 build v12.0.1rc0 (win64 - Windows 11.0 (26100.2))

CPU model: 11th Gen Intel(R) Core(TM) i7-11700 @ 2.50GHz, instruction set [SSE2|AVX|AVX2|AVX512]
Thread count: 8 physical cores, 16 logical processors, using up to 16 threads

Non-default parameters:
TimeLimit  1800
LogToConsole  0
LazyConstraints  1

Optimize a model with 245344 rows, 155355 columns and 714637 nonzeros
Model fingerprint: 0x3d1772b8
Variable types: 0 continuous, 155355 integer (93213 binary)
Coefficient statistics:
  Matrix range     [7e-02, 8e+02]
  Objective range  [1e+00, 4e+02]
  Bounds range     [1e+00, 1e+00]
  RHS range        [1e+00, 5e+03]
Presolve removed 30472 rows and 15260 columns
Presolve time: 1.85s
Presolved: 214872 rows, 140095 columns, 626330 nonzeros
Variable types: 0 continuous, 140095 integer (83055 binary)
Root relaxation presolved: 214848 rows, 140096 columns, 570257 nonzeros

Deterministic concurrent LP optimizer: primal simplex, dual simplex, and barrier
Showing barrier log only...

Root barrier log...

Ordering time: 0.10s

Barrier statistics:
 AA' NZ     : 7.120e+05
 Factor NZ  : 1.696e+06 (roughly 160 MB of memory)
 Factor Ops : 1.651e+07 (less than 1 second per iteration)
 Threads    : 6

                  Objective                Residual
Iter       Primal          Dual         Primal    Dual     Compl     Time
   0  -2.21896655e+06  1.05355079e+08  8.98e+05 2.02e+01  1.45e+04     3s
   1  -2.03070344e+05  9.81462829e+07  9.75e+04 3.98e-13  1.72e+03     3s
   2  -3.86775521e+04  5.42232361e+07  2.01e+04 6.82e-13  4.00e+02     3s
   3  -8.65746803e+03  2.38664913e+07  3.31e+03 1.34e-12  9.26e+01     4s
   4  -5.00585140e+03  6.08928614e+06  9.09e+02 3.97e-12  2.58e+01     4s
   5  -1.66318087e+03  1.97236972e+06  6.44e+01 4.11e-12  5.06e+00     4s
   6  -8.87060454e+02  9.75055888e+05  1.58e+01 3.07e-12  2.23e+00     4s
   7  -4.88675099e+02  4.18816484e+05  1.03e+01 2.84e-12  9.53e-01     4s
   8  -1.02726707e+02  2.60614509e+05  8.64e+00 2.31e-12  5.94e-01     4s
   9   7.87910256e+02  2.12643202e+05  6.60e+00 4.53e-12  4.77e-01     4s
  10   1.87569189e+03  1.86764209e+05  4.70e+00 5.31e-12  4.10e-01     4s
  11   2.51901001e+03  1.72270455e+05  3.90e+00 6.42e-12  3.74e-01     5s
  12   3.01354291e+03  1.27238033e+05  3.39e+00 5.78e-12  2.73e-01     5s
  13   3.32734185e+03  1.20316131e+05  3.19e+00 5.85e-12  2.57e-01     5s
  14   4.03829177e+03  9.74342642e+04  2.57e+00 5.11e-12  2.04e-01     5s
  15   4.47226532e+03  8.93882442e+04  2.42e+00 5.81e-12  1.86e-01     5s
  16   4.85299374e+03  8.29029990e+04  2.30e+00 6.26e-12  1.71e-01     5s
  17   6.46770432e+03  6.85940391e+04  1.36e+00 5.55e-12  1.34e-01     5s
  18   6.82179412e+03  6.56475741e+04  1.31e+00 5.89e-12  1.27e-01     6s
  19   7.35141387e+03  5.61363009e+04  1.15e+00 5.54e-12  1.05e-01     6s
  20   7.57876919e+03  5.47465277e+04  1.11e+00 6.39e-12  1.02e-01     6s
  21   7.94736427e+03  4.87648736e+04  1.03e+00 5.93e-12  8.82e-02     6s
  22   8.16671131e+03  4.80750495e+04  1.00e+00 6.31e-12  8.62e-02     6s
  23   9.31478904e+03  4.48054031e+04  6.78e-01 6.43e-12  7.63e-02     6s
  24   9.60741109e+03  4.14775867e+04  6.49e-01 7.33e-12  6.85e-02     6s
  25   9.90590662e+03  4.02235657e+04  6.28e-01 6.37e-12  6.51e-02     7s
  26   9.99406336e+03  3.92944234e+04  6.24e-01 7.22e-12  6.30e-02     7s
  27   1.03742630e+04  3.84952303e+04  6.02e-01 8.29e-12  6.04e-02     7s
  28   1.06649334e+04  3.78710577e+04  5.87e-01 8.85e-12  5.84e-02     7s
  29   1.07535256e+04  3.70766424e+04  5.82e-01 8.34e-12  5.66e-02     7s
  30   1.10075557e+04  3.64559960e+04  5.70e-01 8.74e-12  5.47e-02     7s

Barrier performed 30 iterations in 6.98 seconds (6.27 work units)
Barrier solve interrupted - model solved by another algorithm

Concurrent spin time: 0.68s (can be avoided by choosing Method=3)

Solved with dual simplex

Root simplex log...

Iteration    Objective       Primal Inf.    Dual Inf.      Time
   12267    2.2731299e+04   0.000000e+00   0.000000e+00      7s

Root relaxation: objective 2.273130e+04, 12267 iterations, 4.54 seconds (2.97 work units)

    Nodes    |    Current Node    |     Objective Bounds      |     Work
 Expl Unexpl |  Obj  Depth IntInf | Incumbent    BestBd   Gap | It/Node Time

     0     0 22731.2989    0 1567          - 22731.2989      -     -    8s
     0     0 22731.2989    0 1567          - 22731.2989      -     -   10s
     0     0 17951.6115    0 1676          - 17951.6115      -     -   13s
     0     0 17947.3315    0 1680          - 17947.3315      -     -   13s
     0     0 15680.5740    0 1515          - 15680.5740      -     -   15s
     0     0 15680.2777    0 1519          - 15680.2777      -     -   15s
     0     0 15625.5926    0 1509          - 15625.5926      -     -   16s
     0     0 14224.7910    0 1396          - 14224.7910      -     -   19s
     0     0 14224.5064    0 1396          - 14224.5064      -     -   19s
     0     0 14177.5230    0 1481          - 14177.5230      -     -   19s
     0     0 14166.3310    0 1491          - 14166.3310      -     -   19s
     0     0 13554.1206    0 1477          - 13554.1206      -     -   22s
     0     0 13482.4598    0 1479          - 13482.4598      -     -   23s
     0     0 13323.2677    0 1485          - 13323.2677      -     -   24s
     0     0 13322.7346    0 1485          - 13322.7346      -     -   25s
     0     0 13292.5490    0 1498          - 13292.5490      -     -   25s
     0     0 13292.0330    0 1508          - 13292.0330      -     -   25s
     0     0 13168.6030    0 1457          - 13168.6030      -     -   26s
     0     0 13124.0529    0 1457          - 13124.0529      -     -   26s
     0     0 13123.8750    0 1458          - 13123.8750      -     -   27s
     0     0 13038.0466    0 1478          - 13038.0466      -     -   27s
     0     0 13035.2830    0 1493          - 13035.2830      -     -   28s
     0     0 13035.1167    0 1476          - 13035.1167      -     -   28s
     0     0 12982.9936    0 1468          - 12982.9936      -     -   29s
     0     0 12981.2514    0 1479          - 12981.2514      -     -   30s
     0     0 12893.9499    0 1563          - 12893.9499      -     -   31s
     0     0 12874.6059    0 1538          - 12874.6059      -     -   31s
     0     0 12874.3177    0 1549          - 12874.3177      -     -   31s
     0     0 12792.9094    0 1506          - 12792.9094      -     -   32s
     0     0 12785.2299    0 1500          - 12785.2299      -     -   32s
     0     0 12785.2293    0 1495          - 12785.2293      -     -   32s
     0     0 12742.8597    0 1389          - 12742.8597      -     -   33s
     0     0 12742.0749    0 1388          - 12742.0749      -     -   33s
     0     0 12691.3206    0 1420          - 12691.3206      -     -   35s
     0     0 12689.3854    0 1430          - 12689.3854      -     -   35s
     0     0 12642.9505    0 1442          - 12642.9505      -     -   36s
     0     0 12640.9550    0 1439          - 12640.9550      -     -   36s
     0     0 12596.7418    0 1488          - 12596.7418      -     -   37s
     0     0 12595.3748    0 1474          - 12595.3748      -     -   38s
     0     0 12565.7490    0 1496          - 12565.7490      -     -   38s
     0     0 12535.8234    0 1520          - 12535.8234      -     -   39s
     0     0 12525.8164    0 1468          - 12525.8164      -     -   39s
     0     0 12494.9395    0 1305          - 12494.9395      -     -   41s
     0     0 12493.4414    0 1314          - 12493.4414      -     -   41s
     0     0 12479.6746    0 1327          - 12479.6746      -     -   42s
     0     0 12479.0255    0 1360          - 12479.0255      -     -   42s
     0     0 12456.2729    0 1368          - 12456.2729      -     -   43s
     0     0 12431.1111    0 1461          - 12431.1111      -     -   43s
     0     0 12430.6331    0 1458          - 12430.6331      -     -   43s
     0     0 12395.9847    0 1542          - 12395.9847      -     -   44s
     0     0 12381.5890    0 1412          - 12381.5890      -     -   44s
     0     0 12358.7088    0 1379          - 12358.7088      -     -   46s
     0     0 12356.3167    0 1420          - 12356.3167      -     -   46s
     0     0 12335.3372    0 1555          - 12335.3372      -     -   47s
     0     0 12332.2719    0 1533          - 12332.2719      -     -   48s
     0     0 12302.6171    0 1343          - 12302.6171      -     -   48s
     0     0 12293.7040    0 1369          - 12293.7040      -     -   49s
     0     0 12288.0473    0 1491          - 12288.0473      -     -   49s
     0     0 12283.9984    0 1496          - 12283.9984      -     -   50s
     0     0 12257.7019    0 1558          - 12257.7019      -     -   50s
     0     0 12256.4500    0 1552          - 12256.4500      -     -   51s
     0     0 12232.3566    0 1675          - 12232.3566      -     -   52s
     0     0 12217.0158    0 1623          - 12217.0158      -     -   53s
     0     0 12214.7476    0 1525          - 12214.7476      -     -   53s
     0     0 12186.7062    0 1574          - 12186.7062      -     -   54s
     0     0 12185.6294    0 1536          - 12185.6294      -     -   54s
     0     0 12172.2259    0 1625          - 12172.2259      -     -   55s
     0     0 12170.6277    0 1603          - 12170.6277      -     -   55s
     0     0 12138.8473    0 1511          - 12138.8473      -     -   56s
     0     0 12135.2623    0 1515          - 12135.2623      -     -   57s
     0     0 12135.0233    0 1513          - 12135.0233      -     -   57s
     0     0 12129.0657    0 1696          - 12129.0657      -     -   57s
     0     0 12128.0490    0 1660          - 12128.0490      -     -   58s
     0     0 12102.4166    0 1616          - 12102.4166      -     -   59s
     0     0 12099.0794    0 1605          - 12099.0794      -     -   60s
     0     0 12098.9998    0 1621          - 12098.9998      -     -   60s
     0     0 12092.5554    0 1544          - 12092.5554      -     -   60s
     0     0 12091.4329    0 1559          - 12091.4329      -     -   61s
     0     0 12077.2426    0 1704          - 12077.2426      -     -   61s
     0     0 12070.2417    0 1660          - 12070.2417      -     -   63s
     0     2 12061.8624    0 1660          - 12061.8624      -     -   66s
     3     6 11978.4459    2 1888          - 12049.6933      -   284   70s
    21    42 11792.3915    5 1551          - 11806.4224      -   922   75s
    99    80 11621.3620   10 1498          - 11806.4224      -   332   80s
   231   115 9953.55215   19 1294          - 11806.4224      -   160   85s
   324   191 10036.0813   25 1126          - 11806.4224      -   132   90s
   424   263 9726.74774   33 1213          - 11806.4224      -   108   95s
   506   327 9739.80830   41 1220          - 11806.4224      -  96.1  100s
   604   402 9601.17408   50 1358          - 11781.8121      -  90.7  105s
   715   492 9458.26461   61 1389          - 11780.7264      -  82.8  110s
   832   607 9380.54985   74 1191          - 11780.7264      -  76.6  116s
   919   689 9178.39703   83 1144          - 11780.7264      -  74.5  121s
  1007   771 9124.53663   96 1121          - 11780.7264      -  71.0  125s
  1115   880 8786.90599  105  944          - 11780.7264      -  67.0  130s
  1223   987 infeasible  114               - 11780.7264      -  64.9  136s
  1356  1091 8891.10942  126 1080          - 11780.7264      -  61.8  142s
  1417  1157 8872.41969  132 1114          - 11780.7264      -  61.4  145s
  1570  1312 8278.35782  144  983          - 11780.7264      -  60.2  152s
  1669  1400 7606.46720  149  547          - 11780.7264      -  60.0  155s
  1847  1588 7473.98203  175  403          - 11780.7264      -  59.6  163s
  1972  1607 7456.21223  186  399          - 11780.7264      -  57.2  166s
  2056  1702 7401.84416  190  493          - 11710.5651      -  58.5  174s
  2120  1770 7099.90236  193  321          - 11710.5651      -  62.1  178s
  2201  1853 infeasible  195               - 11710.5651      -  62.6  182s
  2306  1992 5464.08177  199  398          - 11710.5651      -  62.9  187s
  2467  2095 5027.73258  202  356          - 11710.5651      -  61.5  191s
  2579  2255 infeasible  203               - 11710.5651      -  61.3  196s
  2748  2428 5263.23702  205  390          - 11710.5651      -  59.5  202s
  2935  2615 5197.34719  228  392          - 11710.5651      -  57.4  207s
  3143  2794 5155.70205  263  308          - 11710.5651      -  54.9  212s
  3357  2980 5101.38990  298  302          - 11710.5651      -  52.6  219s
  3561  3005 infeasible  330               - 11710.5651      -  51.4  225s
  3697  3123 8705.53023    8  566          - 11557.2579      -  53.1  231s
  3833  3124 10415.6099   10 1660          - 11557.2579      -  54.2  236s
  3835  3125 8251.65680   97  354          - 11557.2579      -  54.2  243s
  3836  3126 9963.91722   21  360          - 11557.2579      -  54.2  246s
  3844  3131 8424.80136   84  493          - 10947.3371      -  54.1  250s
  3847  3133 8264.90118   47  419          - 10754.3837      -  54.0  255s
  3850  3135 9473.71291   34  571          - 10361.1901      -  54.0  260s
  3853  3137 8721.68805   42  629          - 10361.1901      -  53.9  266s
  3854  3138 7819.55442  161  694          - 10361.1901      -  53.9  272s
  3856  3139 9052.28423   81  811          - 10361.1901      -  53.9  275s
  3859  3141 7593.80096  153  670          - 10361.1901      -  53.9  281s
  3860  3142 6754.40285  182  918          - 10361.1901      -  53.8  287s
  3863  3144 5145.27279  222  816          - 10317.1438      -  53.8  293s
  3866  3146 8563.19593   66  881          - 10293.4539      -  53.8  296s
  3868  3147 7378.29437  246 1041          - 10230.5850      -  53.7  300s
  3871  3149 8490.53514   19  922          - 10168.7428      -  53.7  305s
  3874  3151 8093.02580   24 1235          - 10112.4484      -  53.7  311s
  3877  3153 8290.42060  118 1176          - 10084.8303      -  53.6  315s
  3881  3156 8387.98746   94 1552          - 10001.3807      -  53.6  322s
  3882  3157 5091.05671  314  706          - 9793.93087      -  53.5  326s
  3884  3158 5090.90465  316  729          - 9793.93087      -  53.5  332s
  3886  3159 3969.47529   35 1268          - 9793.93087      -  53.5  335s
  3888  3161 9098.40579   42  645          - 9793.93087      -  53.5  342s
  3889  3161 9546.36892   18 1377          - 9793.93087      -  53.4  346s
  3892  3163 8270.52977  125 1102          - 9766.76753      -  53.4  353s
  3894  3165 5155.81993  261 1048          - 9762.79868      -  53.4  355s
  3898  3167 9050.36838   31 1729          - 9745.75224      -  53.3  360s
  3902  3170 9713.66172    8 1475          - 9713.66172      -  53.3  367s
  3904  3171 9315.49933   31 1475          - 9705.40252      -  53.2  372s
  3907  3178 9333.12217   11 1530          - 9376.71257      -  74.2  376s
  3927  3206 9069.48402   14 1544          - 9133.29174      -  76.5  383s
  3947  3210 8979.78651   16 1625          - 9133.29174      -  77.6  385s
  3976  3223 8403.72999   17 1467          - 9133.29174      -  79.0  390s
  4002  3242 8358.15807   19 1181          - 9133.29174      -  79.9  395s
  4060  3290 8323.30317   21 1245          - 9133.29174      -  81.8  401s
  4100  3301 8332.26737   25 1099          - 9133.29174      -  82.7  405s
  4140  3325 8306.99872   27 1092          - 9133.29174      -  84.4  411s
  4162  3339 7948.92036   29  978          - 9133.29174      -  85.5  415s
  4195  3362 8179.54314   31 1118          - 9133.29174      -  87.1  421s
  4234  3380 8035.87319   33  821          - 9133.29174      -  88.4  425s
  4267  3394 7679.95959   35  844          - 9133.29174      -  89.5  432s
  4292  3394 6546.75407   37  699          - 9133.29174      -  90.6  435s
  4334  3396 7611.64596   41  893          - 9133.29174      -  93.4  443s
  4359  3401 7561.34719   42  834          - 9133.29174      -  95.1  448s
  4380  3419 7567.95271   44  677          - 9123.07321      -  96.8  453s
  4415  3426 7543.40139   49  636          - 9123.07321      -  98.2  457s
  4439  3431 7505.49087   52  612          - 9091.80399      -   100  462s
  4458  3435 7425.26710   54  626          - 9091.80399      -   102  466s
  4474  3453 7420.09726   56  578          - 9091.80399      -   104  471s
  4505  3478 7462.09598   60  554          - 9091.80399      -   105  477s
  4551  3480 7382.99828   64  549          - 9091.80399      -   106  483s
H 4567  3301                    3541.8808426 9091.80399   157%   107  483s
  4582  3300 7434.54441   70  562 3541.88084 9091.80399   157%   109  490s
  4604  3327 7344.38703   70  517 3541.88084 8439.47476   138%   109  496s
  4642  3333 7372.52257   74  536 3541.88084 8439.47476   138%   111  503s
  4664  3370 7422.44004   77  531 3541.88084 8439.47476   138%   113  510s
  4718  3383 7353.47558   83  475 3541.88084 8430.82957   138%   114  517s
  4753  3410 7312.62419   86  651 3541.88084 8430.82957   138%   115  525s
  4806  3397 7035.70922   92  519 3541.88084 8430.82957   138%   117  531s
  4815  3425 7034.84182   93  517 3541.88084 8430.82957   138%   117  536s
  4865  3412 6988.30358   98  508 3541.88084 8430.82957   138%   118  544s
  4879  3463 6953.22552   99  520 3541.88084 8430.82957   138%   119  553s
  4955  3471 6855.47382  107  496 3541.88084 8430.82957   138%   120  560s
  4993  3506 6905.45666  111  614 3541.88084 8430.82957   138%   121  567s
  5058  3528 6494.71324  118  482 3541.88084 8430.82957   138%   122  576s
  5117  3563 5978.04623  123  488 3541.88084 8430.82957   138%   123  586s
  5187  3595 6866.94253  129  664 3541.88084 8430.82957   138%   125  593s
  5242  3672 6828.17950  135  678 3541.88084 8430.82957   138%   125  603s
  5351  3709 6813.35513  145  599 3541.88084 8430.82957   138%   125  613s
  5432  3745 6750.14718  155  606 3541.88084 8430.82957   138%   127  624s
  5516  3769 6575.54047  164  516 3541.88084 8430.82957   138%   129  635s
  5579  3843 6632.09127  168  511 3541.88084 8393.43848   137%   130  646s
  5685  3890 6396.44216  181  336 3541.88084 8393.43848   137%   130  655s
  5770  3982 6228.23056  188  296 3541.88084 8393.43848   137%   130  669s
  5899  4026 6386.58915  200  301 3541.88084 8393.43848   137%   131  679s
  6001  4090 5930.39343  207  287 3541.88084 8393.43848   137%   131  692s
  6137  4177 infeasible  215      3541.88084 8379.98148   137%   131  706s
  6308  4206 7655.64156   32  716 3541.88084 8379.98148   137%   131  718s
  6425  4268 6897.27146   53  485 3541.88084 8379.98148   137%   132  732s
  6569  4336 8180.90066   26  640 3541.88084 8379.98148   137%   133  747s
  6703  4357 7636.85208   35  392 3541.88084 8379.51180   137%   133  761s
  6812  4432 7327.38188   48  381 3541.88084 8379.51180   137%   135  777s
  6958  4547 7160.29963   63  560 3541.88084 8361.07308   136%   136  794s
  7141  4581 infeasible   77      3541.88084 8361.07308   136%   135  812s
  7288  4646 8118.45169   26  867 3541.88084 8361.07308   136%   136  830s
  7437  4727 7321.34793   32  413 3541.88084 8361.07308   136%   137  848s
  7600  4794 7439.06128   36  252 3541.88084 8361.07308   136%   139  869s
  7761  4793 infeasible   47      3541.88084 8352.16674   136%   141  889s
  7862  4839 5838.65495   50  243 3541.88084 8352.16674   136%   142  907s
  7978  4968 5665.25718   55  335 3541.88084 8352.16674   136%   143  928s
  8204  5007     cutoff   60      3541.88084 8352.16674   136%   143  950s
  8371  5150 5222.88934   41  364 3541.88084 8348.48978   136%   146  974s
  8612  5288 4182.75613   58  241 3541.88084 8344.39197   136%   146  998s
  8886  5427     cutoff   63      3541.88084 8340.09885   135%   145 1023s
  9176  5428 7821.64092   28  390 3541.88084 8340.09885   135%   144 1049s
  9333  5407 7736.72752   27  303 3541.88084 8335.32936   135%   147 1071s
  9393  5579 7671.73863   29  327 3541.88084 8335.32936   135%   148 1094s
  9612  5746 6849.28637   46  511 3541.88084 8335.32936   135%   148 1125s
  9940  5873 6162.58411   67  326 3541.88084 8335.32936   135%   148 1156s
 10253  6025 4479.19983   46  208 3541.88084 8335.32936   135%   148 1188s
 10597  6181 7541.45341   35 1120 3541.88084 8335.32936   135%   148 1221s
 10971  6278 6707.37722   69  998 3541.88084 8328.26506   135%   148 1250s
 11259  6474 5693.28864   94  424 3541.88084 8328.26506   135%   149 1284s
 11624  6637 5534.00457  126  259 3541.88084 8320.81329   135%   148 1321s
 11992  6735 5491.56096  143  199 3541.88084 8320.81329   135%   148 1357s
 12362  6827 5236.29198  156  276 3541.88084 8318.09202   135%   148 1397s
 12720  6963 8078.00038   24  786 3541.88084 8314.55025   135%   149 1435s
 13058  7221 5821.30793   56  130 3541.88084 8306.88216   135%   149 1479s
 13509  7569 infeasible  136      3541.88084 8306.88216   135%   149 1527s
 13966  7953 6281.03032   54  375 3541.88084 8284.62666   134%   149 1571s
 14466  8444 7121.56478   33  812 3541.88084 8282.57614   134%   149 1612s
 15050  8791 6496.53367   40  161 3541.88084 8278.78078   134%   147 1661s
 15549  9157 5168.79004   70  188 3541.88084 8277.29382   134%   147 1706s
 16059  9536 infeasible  141      3541.88084 8276.99762   134%   146 1758s
 16610  9836 infeasible   78      3541.88084 8274.87347   134%   147 1800s

Cutting planes:
  Learned: 9
  Gomory: 245
  Lift-and-project: 286
  Cover: 406
  Implied bound: 533
  Clique: 149
  MIR: 549
  StrongCG: 3
  Flow cover: 1144
  GUB cover: 204
  Zero half: 1163
  Network: 66
  RLT: 55
  Relax-and-lift: 80
  Lazy constraints: 580

Explored 17053 nodes (2524654 simplex iterations) in 1800.46 seconds (1640.26 work units)
Thread count was 16 (of 16 available processors)

Solution count 1: 3541.88 

Time limit reached
Best objective 3.541880842638e+03, best bound 8.274690818234e+03, gap 133.6242%

User-callback calls 74654, time in user-callback 5.30 sec
