
Gurobi 12.0.1 (win64) logging started Fri Mar 21 18:18:48 2025

Set parameter LogFile to value "rem_aggressive_instance-jess-min-rem-aggressive_5000.log"
Gurobi Optimizer version 12.0.1 build v12.0.1rc0 (win64 - Windows 11.0 (26100.2))

CPU model: 11th Gen Intel(R) Core(TM) i7-11700 @ 2.50GHz, instruction set [SSE2|AVX|AVX2|AVX512]
Thread count: 8 physical cores, 16 logical processors, using up to 16 threads

Non-default parameters:
TimeLimit  1800
LogToConsole  0
LazyConstraints  1

Optimize a model with 9804 rows, 6305 columns and 29007 nonzeros
Model fingerprint: 0x2304b7f6
Variable types: 0 continuous, 6305 integer (3783 binary)
Coefficient statistics:
  Matrix range     [5e-01, 5e+02]
  Objective range  [9e-01, 7e+03]
  Bounds range     [1e+00, 1e+00]
  RHS range        [1e+00, 5e+03]
Presolve removed 1749 rows and 871 columns
Presolve time: 0.04s
Presolved: 8055 rows, 5434 columns, 23144 nonzeros
Variable types: 0 continuous, 5434 integer (3200 binary)

Root relaxation: objective 9.713859e+04, 1009 iterations, 0.01 seconds (0.02 work units)

    Nodes    |    Current Node    |     Objective Bounds      |     Work
 Expl Unexpl |  Obj  Depth IntInf | Incumbent    BestBd   Gap | It/Node Time

     0     0 97138.5947    0  244          - 97138.5947      -     -    0s
     0     0 83203.8629    0  222          - 83203.8629      -     -    0s
     0     0 81863.4091    0  212          - 81863.4091      -     -    0s
     0     0 81696.4444    0  217          - 81696.4444      -     -    0s
     0     0 76820.5096    0  196          - 76820.5096      -     -    0s
     0     0 76669.0013    0  186          - 76669.0013      -     -    0s
     0     0 71374.5233    0  230          - 71374.5233      -     -    0s
     0     0 68632.4147    0  220          - 68632.4147      -     -    0s
     0     0 68234.3969    0  231          - 68234.3969      -     -    0s
     0     0 67703.1606    0  209          - 67703.1606      -     -    0s
     0     0 67545.4574    0  189          - 67545.4574      -     -    0s
     0     0 67430.1163    0  181          - 67430.1163      -     -    0s
     0     0 67202.8126    0  204          - 67202.8126      -     -    0s
     0     0 67004.4692    0  206          - 67004.4692      -     -    0s
     0     0 66817.8689    0  207          - 66817.8689      -     -    0s
     0     0 66800.5364    0  198          - 66800.5364      -     -    0s
     0     0 66800.2487    0  198          - 66800.2487      -     -    0s
     0     0 66683.2515    0  203          - 66683.2515      -     -    0s
     0     0 66663.4733    0  203          - 66663.4733      -     -    0s
     0     0 66620.3387    0  185          - 66620.3387      -     -    0s
     0     0 66618.8408    0  185          - 66618.8408      -     -    0s
     0     0 66490.3897    0  231          - 66490.3897      -     -    0s
     0     0 66482.9308    0  191          - 66482.9308      -     -    0s
     0     0 66436.3832    0  241          - 66436.3832      -     -    0s
     0     0 66419.8579    0  243          - 66419.8579      -     -    0s
     0     0 65761.0425    0  291          - 65761.0425      -     -    0s
     0     0 65688.4283    0  291          - 65688.4283      -     -    0s
     0     0 65688.3564    0  291          - 65688.3564      -     -    0s
     0     0 65322.1935    0  301          - 65322.1935      -     -    0s
     0     0 65286.5288    0  200          - 65286.5288      -     -    0s
     0     0 65240.2327    0  194          - 65240.2327      -     -    0s
     0     0 65040.2054    0  207          - 65040.2054      -     -    0s
     0     0 65040.2054    0  200          - 65040.2054      -     -    0s
     0     0 65040.2054    0  247          - 65040.2054      -     -    0s
     0     0 65040.2054    0  247          - 65040.2054      -     -    0s
     0     2 65038.7937    0  247          - 65038.7937      -     -    0s
  1650  1432 44660.1289   41  460          - 56858.6178      -  35.9    5s
H 1656  1365                    41418.531009 56830.7928  37.2%  38.5    6s
H 1676  1322                    43184.935636 56687.2868  31.3%  39.0    6s
H 1784  1295                    43185.798935 56687.2868  31.3%  39.9    7s
H 2055  1294                    43185.935636 56686.7400  31.3%  43.3    8s
  2761  1510     cutoff   32      43185.9356 56473.1229  30.8%  46.6   10s
  5912  2600 50721.3461   75   29 43185.9356 56093.4903  29.9%  45.0   15s
  9680  5073 53364.5290  151    5 43185.9356 55849.2693  29.3%  40.2   20s
 14329  8260 43505.2470   69   65 43185.9356 55473.4108  28.5%  37.6   25s
 18538 11105 45461.8926   33  107 43185.9356 55104.6333  27.6%  35.9   30s
 20995 12772 50321.2286   70    9 43185.9356 54884.8987  27.1%  36.6   35s
 24885 15040 54142.7717   20  219 43185.9356 54649.1702  26.5%  35.7   40s
 29108 17446 51196.8455   73   50 43185.9356 54463.8872  26.1%  36.5   46s
 32415 19705     cutoff   38      43185.9356 54361.3553  25.9%  36.9   51s
 35642 21681 52176.1776   93   20 43185.9356 54255.7006  25.6%  36.5   55s
 39151 23905 infeasible  187      43185.9356 54172.3649  25.4%  36.2   60s
 42249 26111 44978.7816   98   12 43185.9356 54146.1144  25.4%  36.6   65s
 45642 27888 infeasible  111      43185.9356 54038.8036  25.1%  36.6   70s
 49009 29806 48074.9225   28  374 43185.9356 53977.4536  25.0%  37.0   75s
 52768 32295     cutoff   43      43185.9356 53913.6010  24.8%  37.1   81s
 55367 33803     cutoff   46      43185.9356 53882.3448  24.8%  37.1   85s
 59407 36509 53188.4040   83   25 43185.9356 53858.7862  24.7%  36.9   91s
 61766 37837 50888.9117   73   16 43185.9356 53837.5830  24.7%  37.1   95s
 64918 39786     cutoff   90      43185.9356 53796.1765  24.6%  37.2  100s
 67917 41124 52812.5845   49  144 43185.9356 53773.3619  24.5%  37.3  106s
 70059 42175 51725.7968   74   24 43185.9356 53764.7852  24.5%  37.5  110s
 72469 43658 51236.3292   47   55 43185.9356 53735.0170  24.4%  37.8  115s
 75350 45341 50379.6212  124    5 43185.9356 53719.4348  24.4%  37.7  120s
 78138 47336 49103.7900  167    4 43185.9356 53682.5966  24.3%  37.7  125s
 80690 48456 45337.5449   52   63 43185.9356 53662.9862  24.3%  37.9  131s
 82409 49151 45336.5231   37  112 43185.9356 53648.5592  24.2%  38.1  135s
 84869 50700 50284.1795   68   14 43185.9356 53621.4789  24.2%  38.3  140s
 86971 52135 53137.9779   95   22 43185.9356 53606.1236  24.1%  38.2  145s
 89456 53270 51424.2801   52   17 43185.9356 53581.4271  24.1%  38.4  150s
 91862 54768 51623.0801   44   47 43185.9356 53569.0741  24.0%  38.5  156s
 93658 55716 52353.6085   36  186 43185.9356 53547.5996  24.0%  38.6  160s
 95207 56283 infeasible   58      43185.9356 53541.8226  24.0%  38.7  165s
 97352 57554 51650.3044   85   28 43185.9356 53515.8020  23.9%  38.7  171s
 99283 58593 47390.3313  154   13 43185.9356 53499.5977  23.9%  38.8  175s
 100879 59385 53045.0967   83   61 43185.9356 53489.1477  23.9%  39.0  180s
 102744 60455 infeasible  153      43185.9356 53471.5906  23.8%  39.0  185s
 104618 61350 infeasible   84      43185.9356 53455.1318  23.8%  39.1  190s
 106089 61988 52246.9847   32   45 43185.9356 53447.5732  23.8%  39.4  195s
 107688 62582 46707.0684  127   24 43185.9356 53436.1575  23.7%  39.6  200s
 109603 63428 49073.1090  135   18 43185.9356 53411.1564  23.7%  39.6  205s
 111053 64155 52310.6230   66   13 43185.9356 53403.9841  23.7%  39.7  211s
 112034 64507 infeasible   62      43185.9356 53399.7690  23.7%  39.8  215s
 113792 65425 48785.3029  117    7 43185.9356 53388.5951  23.6%  39.9  220s
 115820 66578 43213.7702   63  121 43185.9356 53376.7429  23.6%  40.0  225s
 117545 67260 infeasible   60      43185.9356 53371.5252  23.6%  40.1  231s
 119172 68295 48929.2824  136   14 43185.9356 53351.3170  23.5%  40.1  236s
 120357 68737 50123.6960   77   28 43185.9356 53342.7610  23.5%  40.1  240s
 121436 69270 52578.1501   64    5 43185.9356 53337.2819  23.5%  40.2  245s
 123432 70328     cutoff   47      43185.9356 53327.1508  23.5%  40.3  250s
 125403 70976 infeasible   63      43185.9356 53313.1532  23.5%  40.3  256s
 126494 71712     cutoff   43      43185.9356 53298.7075  23.4%  40.4  260s
 128403 72916 infeasible  118      43185.9356 53291.3011  23.4%  40.3  266s
 129619 73376     cutoff   59      43185.9356 53276.2518  23.4%  40.4  270s
 131519 74252 52891.4480   75   18 43185.9356 53265.4350  23.3%  40.4  276s
 132722 74671 infeasible   60      43185.9356 53252.5187  23.3%  40.5  280s
 134165 75406 50724.3791   26  306 43185.9356 53241.6957  23.3%  40.7  287s
 135433 76253     cutoff   48      43185.9356 53231.6098  23.3%  40.7  291s
 136677 76814 50998.5269   87   69 43185.9356 53227.0044  23.3%  40.7  295s
 138498 77631 46679.1979  113    2 43185.9356 53211.1234  23.2%  40.7  302s
 139689 78279     cutoff   29      43185.9356 53206.5631  23.2%  40.8  306s
 140666 78655 infeasible  102      43185.9356 53201.1316  23.2%  40.8  310s
 142570 79898 51241.7410   74   16 43185.9356 53187.7283  23.2%  40.9  316s
 143799 80610 50569.2174  118  223 43185.9356 53185.0123  23.2%  40.8  321s
 145065 81094 48087.5482  120   27 43185.9356 53180.5622  23.1%  40.9  325s
 146372 81726 47789.5028   31  150 43185.9356 53174.1122  23.1%  40.9  330s
 147733 82262 51824.9061   55   75 43185.9356 53164.2055  23.1%  40.9  336s
 148124 82696 50338.5419   57   66 43185.9356 53164.2055  23.1%  41.0  340s
 149799 83536 52585.6041   89   60 43185.9356 53147.2968  23.1%  41.1  347s
 150820 83981     cutoff   47      43185.9356 53138.3313  23.0%  41.1  351s
 151848 84249     cutoff   80      43185.9356 53134.4442  23.0%  41.2  356s
 152941 85137     cutoff   84      43185.9356 53122.9672  23.0%  41.2  360s
 154745 85890 52087.9260   73   19 43185.9356 53110.8411  23.0%  41.2  366s
 155982 86685 49735.0122  143   67 43185.9356 53107.6247  23.0%  41.2  371s
 157142 87347 49391.9021  136   15 43185.9356 53100.4247  23.0%  41.2  376s
 158318 87923 44304.5909   41  198 43185.9356 53092.8886  22.9%  41.2  380s
 159320 88325 infeasible   47      43185.9356 53085.5686  22.9%  41.2  385s
 160822 88912     cutoff   96      43185.9356 53085.5686  22.9%  41.3  392s
 162047 89815 49898.0903   43   49 43185.9356 53075.2612  22.9%  41.3  396s
 163301 90481 44475.2347   58   20 43185.9356 53069.1033  22.9%  41.3  401s
 164393 90791 infeasible   57      43185.9356 53058.0810  22.9%  41.4  405s
 165335 91227     cutoff   29      43185.9356 53052.3114  22.8%  41.4  410s
 166398 91592 51043.7543   81  122 43185.9356 53049.5575  22.8%  41.5  415s
 167576 92117     cutoff  136      43185.9356 53049.5575  22.8%  41.4  420s
 168669 92507 51262.2154  105   43 43185.9356 53040.7619  22.8%  41.5  425s
 169758 92819 52050.3772   97   15 43185.9356 53035.1983  22.8%  41.5  430s
 170757 93259 48808.4391   82   25 43185.9356 53027.3588  22.8%  41.6  436s
 172024 93920 51253.5998   27  261 43185.9356 53024.1245  22.8%  41.6  441s
 173228 94715 50692.8456   87   18 43185.9356 53017.3887  22.8%  41.6  446s
 174395 95466 50328.6266   63   34 43185.9356 53015.7900  22.8%  41.6  451s
 175853 95990 infeasible   74      43185.9356 53010.1189  22.7%  41.6  456s
 176960 96472 52536.5840  177   29 43185.9356 53006.1749  22.7%  41.6  461s
 177931 96841 48360.3311   58   43 43185.9356 53003.8434  22.7%  41.6  466s
 178504 97171 50239.4969   28   74 43185.9356 53001.9973  22.7%  41.7  470s
 179512 97814 47104.5771   32  118 43185.9356 52995.4551  22.7%  41.7  475s
 180669 98431 47953.2711   27  373 43185.9356 52993.5453  22.7%  41.7  480s
 181509 98523 51671.5232   62   27 43185.9356 52988.7734  22.7%  41.8  485s
 182296 98794 50902.1798   94   32 43185.9356 52987.6508  22.7%  41.8  491s
 183379 99115 51479.1295  129    6 43185.9356 52977.6954  22.7%  41.9  496s
 184316 99441     cutoff  144      43185.9356 52974.2596  22.7%  41.9  501s
 185267 99814 infeasible  129      43185.9356 52963.4468  22.6%  41.9  506s
 186512 100477 52079.2032  101   88 43185.9356 52959.8226  22.6%  41.9  511s
 187533 100910     cutoff   45      43185.9356 52956.5825  22.6%  42.0  516s
 188572 101323     cutoff  120      43185.9356 52955.2003  22.6%  42.0  522s
 189606 101871 infeasible  146      43185.9356 52946.4981  22.6%  42.0  527s
 190743 102289 51695.9268   83    5 43185.9356 52943.3040  22.6%  42.0  532s
 191162 102615 52122.8966   44   58 43185.9356 52939.7128  22.6%  42.0  535s
 192227 103011 infeasible  148      43185.9356 52936.2964  22.6%  42.1  540s
 193199 103378 52051.6653   97   17 43185.9356 52928.8518  22.6%  42.1  545s
 194138 103730 49980.0213  102   68 43185.9356 52924.3171  22.5%  42.2  550s
 195130 104124 48223.1149  122    9 43185.9356 52918.9077  22.5%  42.2  556s
 195954 104494 infeasible   90      43185.9356 52913.9166  22.5%  42.2  561s
 196897 104887 infeasible  138      43185.9356 52905.8944  22.5%  42.2  566s
 197826 105214 infeasible  144      43185.9356 52905.8944  22.5%  42.3  572s
 198317 105549 infeasible  111      43185.9356 52899.9073  22.5%  42.3  575s
 199210 106099     cutoff   66      43185.9356 52897.6648  22.5%  42.3  580s
 200291 106608 51194.7969  100  142 43185.9356 52894.1219  22.5%  42.3  585s
 201237 107044 48479.6819  149    - 43185.9356 52891.6744  22.5%  42.3  590s
 202219 107505 50212.4354   80  103 43185.9356 52887.6541  22.5%  42.4  596s
 203426 107872 51241.0693   62   75 43185.9356 52882.6662  22.5%  42.4  601s
 204141 108073 48851.8517   47   68 43185.9356 52875.2725  22.4%  42.5  607s
 204529 108418 44732.0098   38   13 43185.9356 52872.8787  22.4%  42.5  610s
 205653 108959 46435.0233  148    - 43185.9356 52869.7713  22.4%  42.5  615s
 206603 109318     cutoff   48      43185.9356 52864.5630  22.4%  42.5  621s
 207540 109832 infeasible   73      43185.9356 52856.6541  22.4%  42.6  627s
 208045 109985 48634.4894   62  120 43185.9356 52853.8188  22.4%  42.6  630s
 209093 110556     cutoff   29      43185.9356 52849.1926  22.4%  42.6  636s
 210063 110954 49339.0893   31  117 43185.9356 52847.0420  22.4%  42.6  641s
 210973 111369 50834.3790   77   57 43185.9356 52839.8541  22.4%  42.7  647s
 211528 111714 49336.8047  155   28 43185.9356 52837.4440  22.3%  42.6  650s
 212608 112101 51418.7731   31  292 43185.9356 52830.9343  22.3%  42.6  656s
 213496 112612 44402.1787  109   39 43185.9356 52825.3107  22.3%  42.7  662s
 214496 113210 52224.1377   56   33 43185.9356 52823.2504  22.3%  42.7  667s
 214999 113421 46367.4034  155    2 43185.9356 52822.0834  22.3%  42.6  670s
 216001 113785 infeasible  142      43185.9356 52817.7427  22.3%  42.7  676s
 216769 114211 51429.4418  125    5 43185.9356 52814.5495  22.3%  42.7  681s
 217738 114632 48013.4641   63  128 43185.9356 52809.4660  22.3%  42.7  687s
 218137 114740     cutoff   57      43185.9356 52806.9855  22.3%  42.7  690s
 218767 115531     cutoff   39      43185.9356 52805.8199  22.3%  42.7  695s
 220001 116097 45772.7277   31  319 43185.9356 52801.1711  22.3%  42.7  701s
 220570 116516     cutoff   57      43185.9356 52799.5739  22.3%  42.7  705s
 221616 117154     cutoff   54      43185.9356 52796.4640  22.3%  42.7  710s
 222679 117750 46282.5368   82   38 43185.9356 52791.8070  22.2%  42.7  716s
 223847 118303 51376.1690  137    5 43185.9356 52788.0230  22.2%  42.7  722s
 224373 118607     cutoff   45      43185.9356 52783.7022  22.2%  42.7  725s
 225298 119032     cutoff   82      43185.9356 52781.6156  22.2%  42.7  731s
 226265 119321 45981.7778   64  108 43185.9356 52779.8868  22.2%  42.7  737s
 226676 119521     cutoff   77      43185.9356 52776.6204  22.2%  42.7  740s
 227696 119957 51386.9821   82    7 43185.9356 52772.6009  22.2%  42.7  746s
 228597 120283 49803.1754  122   55 43185.9356 52772.6009  22.2%  42.8  753s
 228969 120422 44459.9113   65  184 43185.9356 52772.6009  22.2%  42.8  755s
 229895 120913 49900.1591   47   71 43185.9356 52767.3612  22.2%  42.8  762s
 230532 121130 infeasible   34      43185.9356 52764.4101  22.2%  42.8  765s
 231576 121729 infeasible   54      43185.9356 52759.1509  22.2%  42.8  771s
 232686 122320 infeasible  170      43185.9356 52752.0182  22.2%  42.8  778s
 233177 122750 51177.4060  109   23 43185.9356 52751.2002  22.1%  42.8  780s
 234418 123477 51811.7986  105   19 43185.9356 52746.2684  22.1%  42.8  787s
 235066 123685 infeasible  108      43185.9356 52743.3613  22.1%  42.8  790s
 236015 124156 49162.2477   29  224 43185.9356 52738.8833  22.1%  42.8  796s
 236880 124612 50204.8994   30  269 43185.9356 52734.0728  22.1%  42.9  803s
 237373 124800     cutoff   69      43185.9356 52732.8068  22.1%  42.8  806s
 238382 125032     cutoff  126      43185.9356 52725.7748  22.1%  42.8  812s
 238401 125279 52523.8555   70   16 43185.9356 52725.7748  22.1%  42.8  815s
 239443 125771 43429.5289   53   64 43185.9356 52722.9354  22.1%  42.8  822s
 240322 126280     cutoff   71      43185.9356 52716.3125  22.1%  42.9  828s
 240872 126302 50312.2799  161   28 43185.9356 52716.1767  22.1%  42.9  831s
 241585 126653 49228.5934   24  122 43185.9356 52715.7691  22.1%  42.9  837s
 242010 127082     cutoff   32      43185.9356 52713.8220  22.1%  42.9  840s
 243072 127671 52084.3840   61    5 43185.9356 52710.0244  22.1%  42.9  847s
 243708 128032     cutoff   55      43185.9356 52706.5887  22.0%  42.9  851s
 244865 128541 48631.5319  155   20 43185.9356 52703.2834  22.0%  42.9  857s
 245259 128668     cutoff   71      43185.9356 52700.5763  22.0%  42.9  860s
 245935 129024 52361.2016  136   55 43185.9356 52698.5006  22.0%  42.9  867s
 246501 129175 50614.7813   69   18 43185.9356 52695.9878  22.0%  42.9  870s
 247466 129610 48982.1609  177   44 43185.9356 52690.5194  22.0%  43.0  877s
 247915 129704     cutoff   57      43185.9356 52689.4557  22.0%  43.0  880s
 248799 130183 52449.5690   49   69 43185.9356 52686.0186  22.0%  43.0  887s
 249293 130478 infeasible  146      43185.9356 52684.6074  22.0%  43.0  890s
 250440 131005 50697.3785   91  185 43185.9356 52678.7479  22.0%  43.0  897s
 250898 131480 52006.2854   97   24 43185.9356 52676.8286  22.0%  43.0  900s
 252046 132075 49068.7184   82   14 43185.9356 52673.3288  22.0%  43.0  907s
 252556 132204 51372.2618  162    2 43185.9356 52671.4005  22.0%  43.0  910s
 253355 132482 45318.9177   68  121 43185.9356 52667.7125  22.0%  43.0  917s
 253779 132807 52283.1841   54   42 43185.9356 52665.0827  21.9%  43.0  920s
 254885 133198 infeasible  141      43185.9356 52660.7025  21.9%  43.0  927s
 255249 133572 infeasible  168      43185.9356 52656.9367  21.9%  43.0  930s
 256329 134217 51007.6282   62   20 43185.9356 52653.7477  21.9%  43.0  937s
 257007 134285 infeasible   63      43185.9356 52649.9801  21.9%  43.0  941s
 257634 134810 51385.6763   70   37 43185.9356 52648.4653  21.9%  43.1  947s
 258168 135004     cutoff  113      43185.9356 52646.4401  21.9%  43.0  951s
 259217 135701 50953.5684  110   22 43185.9356 52642.1465  21.9%  43.0  958s
 259720 136003 infeasible   50      43185.9356 52639.6524  21.9%  43.0  961s
 260250 136395     cutoff   45      43185.9356 52637.9559  21.9%  43.0  965s
 261346 137120 46227.8008   61   13 43185.9356 52635.4091  21.9%  43.0  972s
 262025 137372 51750.5030   69   82 43185.9356 52632.2839  21.9%  43.0  976s
 263166 137881     cutoff  123      43185.9356 52627.7288  21.9%  43.0  982s
 263543 138239 51042.9115   51   11 43185.9356 52626.7998  21.9%  43.0  986s
 264757 138797 infeasible   68      43185.9356 52620.0662  21.8%  43.0  993s
 265203 139035 infeasible   90      43185.9356 52618.9554  21.8%  43.0  996s
 265699 139294 50643.3486   95   36 43185.9356 52618.0139  21.8%  43.0 1000s
 266752 139773 49874.3264  173    3 43185.9356 52613.6433  21.8%  42.9 1007s
 267269 140029 45535.1579   77   13 43185.9356 52613.6433  21.8%  42.9 1010s
 268228 140396 44130.4298  105    9 43185.9356 52606.9911  21.8%  43.0 1017s
 268706 140557 51737.6619   46   38 43185.9356 52606.3614  21.8%  43.0 1021s
 269693 141232 infeasible  174      43185.9356 52604.8347  21.8%  43.0 1028s
 270251 141635 51539.7084   62   57 43185.9356 52601.2680  21.8%  43.0 1031s
 270903 141858 infeasible   74      43185.9356 52598.7260  21.8%  43.0 1035s
 271839 142192 45459.7585  104   20 43185.9356 52597.8644  21.8%  43.0 1042s
 272228 142374 45502.1580   61   83 43185.9356 52596.3453  21.8%  43.0 1045s
 273156 142693 48254.3289   67    5 43185.9356 52593.0854  21.8%  43.0 1052s
 273614 143108     cutoff   54      43185.9356 52590.9954  21.8%  43.0 1056s
 274745 143500 infeasible  140      43185.9356 52587.0019  21.8%  43.0 1063s
 275139 143740     cutoff  121      43185.9356 52585.4874  21.8%  43.0 1067s
 275621 144239 infeasible   50      43185.9356 52581.5441  21.8%  43.0 1070s
 276709 144739     cutoff   81      43185.9356 52577.2776  21.7%  43.0 1078s
 277274 145091 51718.9919   48   18 43185.9356 52577.0891  21.7%  43.0 1081s
 277878 145339 infeasible   64      43185.9356 52576.7032  21.7%  43.0 1085s
 278858 145715 infeasible   82      43185.9356 52572.6805  21.7%  43.0 1093s
 279220 146074 50042.0387   75   34 43185.9356 52571.7258  21.7%  43.0 1096s
 279825 146279     cutoff   53      43185.9356 52570.6188  21.7%  43.0 1100s
 280733 146542 infeasible  149      43185.9356 52567.7587  21.7%  43.0 1107s
 281110 146835 50143.1955  113    8 43185.9356 52565.6686  21.7%  43.0 1111s
 282002 147237 infeasible  110      43185.9356 52563.1141  21.7%  43.0 1118s
 282535 147723 infeasible   98      43185.9356 52561.5618  21.7%  43.0 1122s
 283162 147869 51088.5111   24  265 43185.9356 52560.3913  21.7%  43.0 1125s
 284075 148408     cutoff  138      43185.9356 52554.4773  21.7%  43.0 1133s
 284563 148796 51009.6124   86   51 43185.9356 52553.7480  21.7%  43.0 1136s
 285176 149216 51979.2357   61   10 43185.9356 52550.5356  21.7%  43.0 1140s
 286300 149835 48611.0919   56   37 43185.9356 52549.7160  21.7%  43.0 1148s
 286786 150166 infeasible   70      43185.9356 52547.9622  21.7%  43.0 1151s
 287369 150466 43970.2573   44  203 43185.9356 52547.3963  21.7%  43.0 1155s
 288499 151149 48635.5362   98   11 43185.9356 52544.3952  21.7%  43.0 1162s
 289060 151531 52066.7398   66    7 43185.9356 52541.4840  21.7%  43.0 1166s
 289696 151726 infeasible  151      43185.9356 52539.9277  21.7%  43.0 1170s
 290560 152214 49065.3127   96   37 43185.9356 52535.5773  21.6%  43.0 1177s
 291005 152416 47200.3472   96  126 43185.9356 52534.2673  21.6%  43.0 1181s
 291512 152636 51251.9337   70   25 43185.9356 52534.2673  21.6%  43.0 1185s
 292463 153179 infeasible  122      43185.9356 52530.8095  21.6%  43.0 1192s
 293102 153323 46818.1668   96   21 43185.9356 52527.0223  21.6%  43.0 1197s
 293359 153518 48780.9408   59  148 43185.9356 52525.9664  21.6%  43.0 1200s
 294283 153804 infeasible   60      43185.9356 52524.5381  21.6%  43.0 1208s
 294614 153934     cutoff   76      43185.9356 52522.2271  21.6%  43.0 1212s
 295085 154222     cutoff  102      43185.9356 52519.8644  21.6%  43.0 1216s
 295553 154341 infeasible   66      43185.9356 52515.7203  21.6%  43.0 1220s
 296630 154951 45817.2199  127    5 43185.9356 52513.4902  21.6%  43.0 1227s
 297156 155087 49225.0599   51   44 43185.9356 52509.6892  21.6%  43.0 1232s
 297540 155172 51107.2749   60   36 43185.9356 52508.1987  21.6%  43.1 1235s
 297994 155234 44518.0452   77   89 43185.9356 52505.7724  21.6%  43.1 1240s
 298922 155820 infeasible  186      43185.9356 52500.6308  21.6%  43.1 1247s
 299467 156053 50577.1459   88   67 43185.9356 52499.9260  21.6%  43.1 1251s
 299964 156275 52113.2984  110  325 43185.9356 52497.0692  21.6%  43.1 1255s
 301076 156858 51801.4797   51   50 43185.9356 52493.0855  21.6%  43.1 1263s
 301584 156915     cutoff   56      43185.9356 52492.2834  21.5%  43.1 1267s
 301921 157176 51706.0353   88    8 43185.9356 52491.5024  21.5%  43.1 1271s
 302428 157346 infeasible  106      43185.9356 52488.7565  21.5%  43.1 1275s
 303417 157780 50255.3704  141    5 43185.9356 52484.4876  21.5%  43.1 1283s
 303895 158123 50865.5292  149   14 43185.9356 52483.2601  21.5%  43.1 1286s
 304546 158304 50041.1293   84   38 43185.9356 52479.7992  21.5%  43.1 1291s
 305596 158737 52229.2186   33   39 43185.9356 52477.5193  21.5%  43.1 1299s
 305978 158867 51959.2245   90    5 43185.9356 52477.5193  21.5%  43.1 1303s
 306422 158988 51138.8846   72    5 43185.9356 52474.2207  21.5%  43.1 1307s
 306767 159020 45223.4893   47   29 43185.9356 52473.7615  21.5%  43.1 1311s
 307116 159344 50868.5755  182    - 43185.9356 52472.6535  21.5%  43.2 1318s
 307586 159582 51051.3844   95   20 43185.9356 52472.2096  21.5%  43.1 1322s
 308123 159741 50674.9984   76    5 43185.9356 52470.3787  21.5%  43.2 1326s
 308507 160052 51450.8778   68   12 43185.9356 52467.6279  21.5%  43.2 1330s
 309726 160534 51689.7650   58   35 43185.9356 52465.0530  21.5%  43.2 1338s
 310229 160848     cutoff   21      43185.9356 52462.5796  21.5%  43.2 1342s
 310880 160944 47755.5045  139    - 43185.9356 52460.9788  21.5%  43.2 1346s
 311128 161070 50191.3367   90   19 43185.9356 52460.5507  21.5%  43.2 1350s
 311897 161316 50586.1629   90   18 43185.9356 52458.7054  21.5%  43.2 1358s
 312182 161670 49465.0848  141   17 43185.9356 52456.7675  21.5%  43.2 1362s
 312807 161878 infeasible   68      43185.9356 52454.8387  21.5%  43.2 1366s
 313239 162060 50628.4217   87    5 43185.9356 52454.8387  21.5%  43.2 1370s
 314213 162334 49847.6375  147   57 43185.9356 52451.3820  21.5%  43.2 1378s
 314691 162597 52425.9178   56   46 43185.9356 52451.3820  21.5%  43.2 1382s
 315180 162682 infeasible  148      43185.9356 52448.6405  21.4%  43.2 1386s
 315609 162765 infeasible   76      43185.9356 52446.0046  21.4%  43.3 1391s
 316418 162974 infeasible   86      43185.9356 52444.8859  21.4%  43.3 1399s
 316749 162977 infeasible  101      43185.9356 52443.2321  21.4%  43.3 1403s
 317149 163179 49250.2073   26   81 43185.9356 52438.8445  21.4%  43.3 1407s
 317570 163313 infeasible   48      43185.9356 52438.4509  21.4%  43.3 1411s
 318001 163354     cutoff   66      43185.9356 52438.1887  21.4%  43.4 1416s
 318357 163531     cutoff   58      43185.9356 52436.5196  21.4%  43.4 1420s
 319317 163779 48071.1102  104   33 43185.9356 52432.0377  21.4%  43.4 1429s
 319500 164124 51028.1247   32  171 43185.9356 52431.0277  21.4%  43.4 1432s
 319905 164320 infeasible   83      43185.9356 52430.7342  21.4%  43.4 1437s
 320336 164468 50452.9000   33  256 43185.9356 52430.0303  21.4%  43.4 1441s
 320855 164560 infeasible  179      43185.9356 52428.9278  21.4%  43.4 1445s
 321710 165017 infeasible  107      43185.9356 52427.4410  21.4%  43.4 1453s
 322207 165341 infeasible  134      43185.9356 52426.2801  21.4%  43.4 1457s
 322816 165538     cutoff  110      43185.9356 52424.8373  21.4%  43.4 1462s
 323240 165660 49929.7009   86   45 43185.9356 52424.5870  21.4%  43.4 1466s
 323711 165755 48428.5939   96   13 43185.9356 52423.5520  21.4%  43.4 1470s
 324541 165903 51455.1167   81   56 43185.9356 52422.0921  21.4%  43.4 1479s
 324893 166157 49398.3230   92    - 43185.9356 52418.9996  21.4%  43.4 1483s
 325414 166378 51489.4575  172   17 43185.9356 52417.7200  21.4%  43.5 1487s
 325829 166649 45719.2159   29  316 43185.9356 52416.4195  21.4%  43.5 1491s
 326430 166834     cutoff   82      43185.9356 52414.4848  21.4%  43.5 1496s
 326870 167207 infeasible  130      43185.9356 52413.6139  21.4%  43.4 1500s
 327769 167453 46358.1484   36  162 43185.9356 52411.8919  21.4%  43.5 1508s
 328174 167797 51763.9091  108   37 43185.9356 52411.4377  21.4%  43.4 1513s
 328788 168061 50348.8438  132    9 43185.9356 52408.1322  21.4%  43.4 1517s
 329282 168484     cutoff   59      43185.9356 52407.9635  21.4%  43.4 1521s
 330001 168636 45797.8499   29  135 43185.9356 52406.0524  21.3%  43.4 1526s
 330427 168924 47097.3922   36  119 43185.9356 52404.0768  21.3%  43.4 1530s
 331410 169334     cutoff   91      43185.9356 52401.3189  21.3%  43.4 1539s
 331992 169517 43995.2712   57  131 43185.9356 52398.7350  21.3%  43.4 1543s
 332413 169851 49450.8079   96  255 43185.9356 52398.1622  21.3%  43.4 1547s
 333066 169976 52063.5939  117   72 43185.9356 52395.4287  21.3%  43.4 1552s
 333417 170126 infeasible   82      43185.9356 52394.0176  21.3%  43.4 1556s
 333908 170361 52073.3177   51   30 43185.9356 52393.6022  21.3%  43.4 1561s
 334372 170473 50726.0916  106   30 43185.9356 52393.6022  21.3%  43.4 1565s
 335223 170564 48169.0464   34  301 43185.9356 52392.3707  21.3%  43.5 1574s
 335595 170695 infeasible  149      43185.9356 52387.9837  21.3%  43.5 1579s
 335969 170754 50209.2377  111    5 43185.9356 52386.9505  21.3%  43.5 1583s
 336317 170801 infeasible  107      43185.9356 52385.2660  21.3%  43.5 1588s
 336633 170955 49825.5272  128   26 43185.9356 52383.9822  21.3%  43.5 1592s
 337113 171114 49847.1408   64   70 43185.9356 52383.9822  21.3%  43.6 1597s
 337485 171227     cutoff  151      43185.9356 52383.9145  21.3%  43.6 1601s
 337930 171453 51777.6490  115   10 43185.9356 52381.3514  21.3%  43.6 1606s
 338362 171683 50787.9561   77   33 43185.9356 52381.3514  21.3%  43.6 1610s
 338905 171810 50536.1837  100   11 43185.9356 52381.3514  21.3%  43.6 1615s
 339834 172252 infeasible   56      43185.9356 52375.7108  21.3%  43.6 1624s
 340254 172424 50047.3627   81   39 43185.9356 52375.5328  21.3%  43.6 1628s
 340771 172499     cutoff  112      43185.9356 52375.5328  21.3%  43.6 1633s
 341103 172694 47819.8276  152   65 43185.9356 52371.4071  21.3%  43.6 1637s
 341585 172947 infeasible   86      43185.9356 52370.2361  21.3%  43.6 1641s
 342126 173103 48515.7591   62    9 43185.9356 52368.4076  21.3%  43.6 1646s
 342565 173201     cutoff   50      43185.9356 52366.1949  21.3%  43.6 1650s
 342908 173271 infeasible   85      43185.9356 52364.4650  21.3%  43.6 1655s
 343382 173586 infeasible  168      43185.9356 52362.6720  21.2%  43.7 1660s
 344376 174173 50224.3150   93   17 43185.9356 52360.9552  21.2%  43.6 1668s
 344866 174372 51511.0563  137    5 43185.9356 52359.2160  21.2%  43.6 1673s
 345332 174503 49273.2064   71   40 43185.9356 52358.2378  21.2%  43.6 1678s
 345554 174765 49165.0951   72   36 43185.9356 52357.4216  21.2%  43.6 1682s
 346018 174980 47191.7392   62  171 43185.9356 52357.2356  21.2%  43.6 1687s
 346482 175285 52014.9489   74   42 43185.9356 52355.7838  21.2%  43.6 1691s
 347144 175352 51329.3578  127   57 43185.9356 52355.5364  21.2%  43.6 1696s
 347500 175563 51277.8087   66   15 43185.9356 52355.5364  21.2%  43.6 1700s
 348397 176157 49587.7350  115   87 43185.9356 52353.9288  21.2%  43.7 1708s
 349155 176262     cutoff   46      43185.9356 52353.9288  21.2%  43.6 1713s
 349620 176328 46169.2910   65   61 43185.9356 52351.0460  21.2%  43.6 1718s
 349939 176494 infeasible   96      43185.9356 52349.8206  21.2%  43.7 1722s
 350362 176818 44148.4237  141    - 43185.9356 52349.8206  21.2%  43.7 1727s
 350907 177197 infeasible  153      43185.9356 52348.4251  21.2%  43.6 1731s
 351529 177560 51875.3799  154   11 43185.9356 52345.4935  21.2%  43.6 1736s
 352047 177834 50302.1767  125   48 43185.9356 52344.4682  21.2%  43.6 1740s
 352614 178010 48937.6964   37   46 43185.9356 52343.5153  21.2%  43.6 1745s
 353038 178290     cutoff   73      43185.9356 52343.1025  21.2%  43.6 1750s
 353817 178532 50269.8969   36  299 43185.9356 52341.7859  21.2%  43.6 1755s
 354664 179051     cutoff   88      43185.9356 52339.7681  21.2%  43.6 1764s
 355102 179496 50065.9314   94   43 43185.9356 52338.5928  21.2%  43.6 1768s
 355829 179736 49368.8895   87   32 43185.9356 52336.9885  21.2%  43.6 1773s
 356306 180199 49771.8522  110   14 43185.9356 52335.7453  21.2%  43.6 1777s
 357055 180458 51936.5916  139   48 43185.9356 52333.7129  21.2%  43.6 1782s
 357570 180608     cutoff  126      43185.9356 52331.8518  21.2%  43.6 1787s
 357958 180828 infeasible  134      43185.9356 52330.7377  21.2%  43.6 1791s
 358489 181021     cutoff   78      43185.9356 52328.4576  21.2%  43.6 1796s
 358894 181132     cutoff   50      43185.9356 52327.9010  21.2%  43.6 1800s

Cutting planes:
  Gomory: 94
  Lift-and-project: 177
  Cover: 211
  Implied bound: 59
  Clique: 7
  MIR: 106
  Flow cover: 183
  GUB cover: 32
  Inf proof: 13
  Zero half: 220
  Network: 8
  RLT: 7
  Relax-and-lift: 8
  Lazy constraints: 7450

Explored 359232 nodes (15678968 simplex iterations) in 1800.10 seconds (1785.45 work units)
Thread count was 16 (of 16 available processors)

Solution count 4: 43185.9 43185.8 43184.9 41418.5 

Time limit reached
Best objective 4.318593563574e+04, best bound 5.232790103109e+04, gap 21.1688%

User-callback calls 779962, time in user-callback 23.07 sec
